Archive member included to satisfy reference by file (symbol)

C:\Users\Luke Reinke\AppData\Local\Temp\arduino-sketch-3595A69D3B6D6CA7A009D9A67A6A4F6D/..\arduino-core-cache\core_f58a9f98544868bc1c1e23579f6b5dc6.a(IPAddress.cpp.o)
                              C:\Users\Luke Reinke\AppData\Local\Temp\arduino-sketch-3595A69D3B6D6CA7A009D9A67A6A4F6D\libraries\Ethernet\Ethernet.cpp.o (IPAddress::IPAddress())
C:\Users\Luke Reinke\AppData\Local\Temp\arduino-sketch-3595A69D3B6D6CA7A009D9A67A6A4F6D/..\arduino-core-cache\core_f58a9f98544868bc1c1e23579f6b5dc6.a(Print.cpp.o)
                              C:\Users\Luke Reinke\AppData\Local\Temp\arduino-sketch-3595A69D3B6D6CA7A009D9A67A6A4F6D\sketch\Ethernet_read_test.ino.cpp.o (Print::print(char const*))
C:\Users\Luke Reinke\AppData\Local\Temp\arduino-sketch-3595A69D3B6D6CA7A009D9A67A6A4F6D/..\arduino-core-cache\core_f58a9f98544868bc1c1e23579f6b5dc6.a(SERCOM.cpp.o)
                              C:\Users\Luke Reinke\AppData\Local\Temp\arduino-sketch-3595A69D3B6D6CA7A009D9A67A6A4F6D\core\variant.cpp.o (SERCOM::SERCOM(Sercom*))
C:\Users\Luke Reinke\AppData\Local\Temp\arduino-sketch-3595A69D3B6D6CA7A009D9A67A6A4F6D/..\arduino-core-cache\core_f58a9f98544868bc1c1e23579f6b5dc6.a(CDC.cpp.o)
                              C:\Users\Luke Reinke\AppData\Local\Temp\arduino-sketch-3595A69D3B6D6CA7A009D9A67A6A4F6D\sketch\Ethernet_read_test.ino.cpp.o (Serial_::begin(unsigned long))
C:\Users\Luke Reinke\AppData\Local\Temp\arduino-sketch-3595A69D3B6D6CA7A009D9A67A6A4F6D/..\arduino-core-cache\core_f58a9f98544868bc1c1e23579f6b5dc6.a(USBCore.cpp.o)
                              C:\Users\Luke Reinke\AppData\Local\Temp\arduino-sketch-3595A69D3B6D6CA7A009D9A67A6A4F6D/..\arduino-core-cache\core_f58a9f98544868bc1c1e23579f6b5dc6.a(CDC.cpp.o) (USBDeviceClass::available(unsigned long))
C:\Users\Luke Reinke\AppData\Local\Temp\arduino-sketch-3595A69D3B6D6CA7A009D9A67A6A4F6D/..\arduino-core-cache\core_f58a9f98544868bc1c1e23579f6b5dc6.a(Uart.cpp.o)
                              C:\Users\Luke Reinke\AppData\Local\Temp\arduino-sketch-3595A69D3B6D6CA7A009D9A67A6A4F6D\core\variant.cpp.o (Uart::Uart(SERCOM*, unsigned char, unsigned char, SercomRXPad, SercomUartTXPad))
C:\Users\Luke Reinke\AppData\Local\Temp\arduino-sketch-3595A69D3B6D6CA7A009D9A67A6A4F6D/..\arduino-core-cache\core_f58a9f98544868bc1c1e23579f6b5dc6.a(WMath.cpp.o)
                              C:\Users\Luke Reinke\AppData\Local\Temp\arduino-sketch-3595A69D3B6D6CA7A009D9A67A6A4F6D\libraries\Ethernet\Dhcp.cpp.o (random(long, long))
C:\Users\Luke Reinke\AppData\Local\Temp\arduino-sketch-3595A69D3B6D6CA7A009D9A67A6A4F6D/..\arduino-core-cache\core_f58a9f98544868bc1c1e23579f6b5dc6.a(abi.cpp.o)
                              C:\Users\Luke Reinke\AppData\Local\Temp\arduino-sketch-3595A69D3B6D6CA7A009D9A67A6A4F6D/..\arduino-core-cache\core_f58a9f98544868bc1c1e23579f6b5dc6.a(Print.cpp.o) (__cxa_pure_virtual)
C:\Users\Luke Reinke\AppData\Local\Temp\arduino-sketch-3595A69D3B6D6CA7A009D9A67A6A4F6D/..\arduino-core-cache\core_f58a9f98544868bc1c1e23579f6b5dc6.a(cortex_handlers.c.o)
                              (Reset_Handler)
C:\Users\Luke Reinke\AppData\Local\Temp\arduino-sketch-3595A69D3B6D6CA7A009D9A67A6A4F6D/..\arduino-core-cache\core_f58a9f98544868bc1c1e23579f6b5dc6.a(delay.c.o)
                              C:\Users\Luke Reinke\AppData\Local\Temp\arduino-sketch-3595A69D3B6D6CA7A009D9A67A6A4F6D\libraries\Ethernet\Dhcp.cpp.o (millis)
C:\Users\Luke Reinke\AppData\Local\Temp\arduino-sketch-3595A69D3B6D6CA7A009D9A67A6A4F6D/..\arduino-core-cache\core_f58a9f98544868bc1c1e23579f6b5dc6.a(hooks.c.o)
                              C:\Users\Luke Reinke\AppData\Local\Temp\arduino-sketch-3595A69D3B6D6CA7A009D9A67A6A4F6D\libraries\Ethernet\socket.cpp.o (yield)
C:\Users\Luke Reinke\AppData\Local\Temp\arduino-sketch-3595A69D3B6D6CA7A009D9A67A6A4F6D/..\arduino-core-cache\core_f58a9f98544868bc1c1e23579f6b5dc6.a(main.cpp.o)
                              c:/users/luke reinke/appdata/local/arduino15/packages/adafruit/tools/arm-none-eabi-gcc/9-2019q4/bin/../lib/gcc/arm-none-eabi/9.2.1/../../../../arm-none-eabi/lib/thumb/v7e-m+fp/hard/crt0.o (main)
C:\Users\Luke Reinke\AppData\Local\Temp\arduino-sketch-3595A69D3B6D6CA7A009D9A67A6A4F6D/..\arduino-core-cache\core_f58a9f98544868bc1c1e23579f6b5dc6.a(new.cpp.o)
                              C:\Users\Luke Reinke\AppData\Local\Temp\arduino-sketch-3595A69D3B6D6CA7A009D9A67A6A4F6D/..\arduino-core-cache\core_f58a9f98544868bc1c1e23579f6b5dc6.a(USBCore.cpp.o) (operator new(unsigned int))
C:\Users\Luke Reinke\AppData\Local\Temp\arduino-sketch-3595A69D3B6D6CA7A009D9A67A6A4F6D/..\arduino-core-cache\core_f58a9f98544868bc1c1e23579f6b5dc6.a(startup.c.o)
                              C:\Users\Luke Reinke\AppData\Local\Temp\arduino-sketch-3595A69D3B6D6CA7A009D9A67A6A4F6D/..\arduino-core-cache\core_f58a9f98544868bc1c1e23579f6b5dc6.a(cortex_handlers.c.o) (SystemInit)
[...]
Memory Configuration

Name             Origin             Length             Attributes
FLASH            0x00004000         0x0007c000         xr
RAM              0x20000000         0x00030000         xrw
*default*        0x00000000         0xffffffff

Linker script and memory map

LOAD c:/users/luke reinke/appdata/local/arduino15/packages/adafruit/tools/arm-none-eabi-gcc/9-2019q4/bin/../lib/gcc/arm-none-eabi/9.2.1/thumb/v7e-m+fp/hard/crti.o
LOAD c:/users/luke reinke/appdata/local/arduino15/packages/adafruit/tools/arm-none-eabi-gcc/9-2019q4/bin/../lib/gcc/arm-none-eabi/9.2.1/thumb/v7e-m+fp/hard/crtbegin.o
LOAD c:/users/luke reinke/appdata/local/arduino15/packages/adafruit/tools/arm-none-eabi-gcc/9-2019q4/bin/../lib/gcc/arm-none-eabi/9.2.1/../../../../arm-none-eabi/lib/thumb/v7e-m+fp/hard/crt0.o
LOAD C:\Users\Luke Reinke\AppData\Local\Temp\arduino-sketch-3595A69D3B6D6CA7A009D9A67A6A4F6D\sketch\Ethernet_read_test.ino.cpp.o
LOAD C:\Users\Luke Reinke\AppData\Local\Temp\arduino-sketch-3595A69D3B6D6CA7A009D9A67A6A4F6D\libraries\SPI\SPI.cpp.o
LOAD C:\Users\Luke Reinke\AppData\Local\Temp\arduino-sketch-3595A69D3B6D6CA7A009D9A67A6A4F6D\libraries\Adafruit_ZeroDMA\Adafruit_ZeroDMA.cpp.o
LOAD C:\Users\Luke Reinke\AppData\Local\Temp\arduino-sketch-3595A69D3B6D6CA7A009D9A67A6A4F6D\libraries\Ethernet\Dhcp.cpp.o
LOAD C:\Users\Luke Reinke\AppData\Local\Temp\arduino-sketch-3595A69D3B6D6CA7A009D9A67A6A4F6D\libraries\Ethernet\Dns.cpp.o
LOAD C:\Users\Luke Reinke\AppData\Local\Temp\arduino-sketch-3595A69D3B6D6CA7A009D9A67A6A4F6D\libraries\Ethernet\Ethernet.cpp.o
LOAD C:\Users\Luke Reinke\AppData\Local\Temp\arduino-sketch-3595A69D3B6D6CA7A009D9A67A6A4F6D\libraries\Ethernet\EthernetClient.cpp.o
LOAD C:\Users\Luke Reinke\AppData\Local\Temp\arduino-sketch-3595A69D3B6D6CA7A009D9A67A6A4F6D\libraries\Ethernet\EthernetServer.cpp.o
LOAD C:\Users\Luke Reinke\AppData\Local\Temp\arduino-sketch-3595A69D3B6D6CA7A009D9A67A6A4F6D\libraries\Ethernet\EthernetUdp.cpp.o
LOAD C:\Users\Luke Reinke\AppData\Local\Temp\arduino-sketch-3595A69D3B6D6CA7A009D9A67A6A4F6D\libraries\Ethernet\socket.cpp.o
LOAD C:\Users\Luke Reinke\AppData\Local\Temp\arduino-sketch-3595A69D3B6D6CA7A009D9A67A6A4F6D\libraries\Ethernet\utility\w5100.cpp.o
LOAD C:\Users\Luke Reinke\AppData\Local\Temp\arduino-sketch-3595A69D3B6D6CA7A009D9A67A6A4F6D\core\variant.cpp.o
START GROUP
LOAD C:\Users\Luke Reinke\AppData\Local\Arduino15\packages\adafruit\tools\CMSIS\5.4.0/CMSIS/Lib/GCC/\libarm_cortexM4lf_math.a
LOAD C:\Users\Luke Reinke\AppData\Local\Temp\arduino-sketch-3595A69D3B6D6CA7A009D9A67A6A4F6D/..\arduino-core-cache\core_f58a9f98544868bc1c1e23579f6b5dc6.a
END GROUP
LOAD c:/users/luke reinke/appdata/local/arduino15/packages/adafruit/tools/arm-none-eabi-gcc/9-2019q4/bin/../lib/gcc/arm-none-eabi/9.2.1/../../../../arm-none-eabi/lib/thumb/v7e-m+fp/hard\libstdc++_nano.a
LOAD c:/users/luke reinke/appdata/local/arduino15/packages/adafruit/tools/arm-none-eabi-gcc/9-2019q4/bin/../lib/gcc/arm-none-eabi/9.2.1/../../../../arm-none-eabi/lib/thumb/v7e-m+fp/hard\libm.a
START GROUP
LOAD c:/users/luke reinke/appdata/local/arduino15/packages/adafruit/tools/arm-none-eabi-gcc/9-2019q4/bin/../lib/gcc/arm-none-eabi/9.2.1/thumb/v7e-m+fp/hard\libgcc.a
LOAD c:/users/luke reinke/appdata/local/arduino15/packages/adafruit/tools/arm-none-eabi-gcc/9-2019q4/bin/../lib/gcc/arm-none-eabi/9.2.1/../../../../arm-none-eabi/lib/thumb/v7e-m+fp/hard\libc_nano.a
END GROUP
START GROUP
LOAD c:/users/luke reinke/appdata/local/arduino15/packages/adafruit/tools/arm-none-eabi-gcc/9-2019q4/bin/../lib/gcc/arm-none-eabi/9.2.1/thumb/v7e-m+fp/hard\libgcc.a
LOAD c:/users/luke reinke/appdata/local/arduino15/packages/adafruit/tools/arm-none-eabi-gcc/9-2019q4/bin/../lib/gcc/arm-none-eabi/9.2.1/../../../../arm-none-eabi/lib/thumb/v7e-m+fp/hard\libc_nano.a
LOAD c:/users/luke reinke/appdata/local/arduino15/packages/adafruit/tools/arm-none-eabi-gcc/9-2019q4/bin/../lib/gcc/arm-none-eabi/9.2.1/../../../../arm-none-eabi/lib/thumb/v7e-m+fp/hard\libnosys.a
END GROUP
START GROUP
LOAD c:/users/luke reinke/appdata/local/arduino15/packages/adafruit/tools/arm-none-eabi-gcc/9-2019q4/bin/../lib/gcc/arm-none-eabi/9.2.1/thumb/v7e-m+fp/hard\libgcc.a
LOAD c:/users/luke reinke/appdata/local/arduino15/packages/adafruit/tools/arm-none-eabi-gcc/9-2019q4/bin/../lib/gcc/arm-none-eabi/9.2.1/../../../../arm-none-eabi/lib/thumb/v7e-m+fp/hard\libc_nano.a
LOAD c:/users/luke reinke/appdata/local/arduino15/packages/adafruit/tools/arm-none-eabi-gcc/9-2019q4/bin/../lib/gcc/arm-none-eabi/9.2.1/../../../../arm-none-eabi/lib/thumb/v7e-m+fp/hard\libnosys.a
END GROUP
LOAD c:/users/luke reinke/appdata/local/arduino15/packages/adafruit/tools/arm-none-eabi-gcc/9-2019q4/bin/../lib/gcc/arm-none-eabi/9.2.1/thumb/v7e-m+fp/hard/crtend.o
LOAD c:/users/luke reinke/appdata/local/arduino15/packages/adafruit/tools/arm-none-eabi-gcc/9-2019q4/bin/../lib/gcc/arm-none-eabi/9.2.1/thumb/v7e-m+fp/hard/crtn.o

.text           0x00004000     0x70f0
                0x00004000                __text_start__ = .
 *(.sketch_boot)
                0x00004000                . = ALIGN (0x4000)
 *(.isr_vector)
 .isr_vector    0x00004000      0x264 C:\Users\Luke Reinke\AppData\Local\Temp\arduino-sketch-3595A69D3B6D6CA7A009D9A67A6A4F6D/..\arduino-core-cache\core_f58a9f98544868bc1c1e23579f6b5dc6.a(cortex_handlers.c.o)
                0x00004000                exception_table
 *(.text*)
 .text          0x00004264       0x40 c:/users/luke reinke/appdata/local/arduino15/packages/adafruit/tools/arm-none-eabi-gcc/9-2019q4/bin/../lib/gcc/arm-none-eabi/9.2.1/thumb/v7e-m+fp/hard/crtbegin.o
 .text._ZN14EthernetClientD2Ev
                0x000042a4        0x2 C:\Users\Luke Reinke\AppData\Local\Temp\arduino-sketch-3595A69D3B6D6CA7A009D9A67A6A4F6D\sketch\Ethernet_read_test.ino.cpp.o
                0x000042a4                EthernetClient::~EthernetClient()
                0x000042a4                EthernetClient::~EthernetClient()
 .text._ZN14EthernetClientD0Ev
                0x000042a6        0xc C:\Users\Luke Reinke\AppData\Local\Temp\arduino-sketch-3595A69D3B6D6CA7A009D9A67A6A4F6D\sketch\Ethernet_read_test.ino.cpp.o
                0x000042a6                EthernetClient::~EthernetClient()
 *fill*         0x000042b2        0x2 
 .text.setup    0x000042b4      0x164 C:\Users\Luke Reinke\AppData\Local\Temp\arduino-sketch-3595A69D3B6D6CA7A009D9A67A6A4F6D\sketch\Ethernet_read_test.ino.cpp.o
                0x000042b4                setup
 .text.loop     0x00004418      0x14c C:\Users\Luke Reinke\AppData\Local\Temp\arduino-sketch-3595A69D3B6D6CA7A009D9A67A6A4F6D\sketch\Ethernet_read_test.ino.cpp.o
                0x00004418                loop
 .text.startup._GLOBAL__sub_I_mac
                0x00004564       0x70 C:\Users\Luke Reinke\AppData\Local\Temp\arduino-sketch-3595A69D3B6D6CA7A009D9A67A6A4F6D\sketch\Ethernet_read_test.ino.cpp.o
 .text._ZN8SPIClass11dmaCallbackEP16Adafruit_ZeroDMA
                0x000045d4       0x18 C:\Users\Luke Reinke\AppData\Local\Temp\arduino-sketch-3595A69D3B6D6CA7A009D9A67A6A4F6D\libraries\SPI\SPI.cpp.o
                0x000045d4                SPIClass::dmaCallback(Adafruit_ZeroDMA*)
 .text._ZN8SPIClassC2EP6SERCOMhhh14SercomSpiTXPad11SercomRXPad
                0x000045ec       0x64 C:\Users\Luke Reinke\AppData\Local\Temp\arduino-sketch-3595A69D3B6D6CA7A009D9A67A6A4F6D\libraries\SPI\SPI.cpp.o
                0x000045ec                SPIClass::SPIClass(SERCOM*, unsigned char, unsigned char, unsigned char, SercomSpiTXPad, SercomRXPad)
                0x000045ec                SPIClass::SPIClass(SERCOM*, unsigned char, unsigned char, unsigned char, SercomSpiTXPad, SercomRXPad)
 .text._ZN8SPIClass6configE11SPISettings
                0x00004650       0x3a C:\Users\Luke Reinke\AppData\Local\Temp\arduino-sketch-3595A69D3B6D6CA7A009D9A67A6A4F6D\libraries\SPI\SPI.cpp.o
                0x00004650                SPIClass::config(SPISettings)
 *fill*         0x0000468a        0x2 
 .text._ZN8SPIClass16beginTransactionE11SPISettings
                0x0000468c       0x3c C:\Users\Luke Reinke\AppData\Local\Temp\arduino-sketch-3595A69D3B6D6CA7A009D9A67A6A4F6D\libraries\SPI\SPI.cpp.o
                0x0000468c                SPIClass::beginTransaction(SPISettings)
 .text._ZN8SPIClass14endTransactionEv
                0x000046c8       0x20 C:\Users\Luke Reinke\AppData\Local\Temp\arduino-sketch-3595A69D3B6D6CA7A009D9A67A6A4F6D\libraries\SPI\SPI.cpp.o
                0x000046c8                SPIClass::endTransaction()
 .text._ZN8SPIClass8transferEh
                0x000046e8        0x6 C:\Users\Luke Reinke\AppData\Local\Temp\arduino-sketch-3595A69D3B6D6CA7A009D9A67A6A4F6D\libraries\SPI\SPI.cpp.o
                0x000046e8                SPIClass::transfer(unsigned char)
 .text._ZN8SPIClass8transferEPvj
                0x000046ee       0x1c C:\Users\Luke Reinke\AppData\Local\Temp\arduino-sketch-3595A69D3B6D6CA7A009D9A67A6A4F6D\libraries\SPI\SPI.cpp.o
                0x000046ee                SPIClass::transfer(void*, unsigned int)
 *fill*         0x0000470a        0x2 
 .text._ZN8SPIClass15getDataRegisterEv
                0x0000470c       0x20 C:\Users\Luke Reinke\AppData\Local\Temp\arduino-sketch-3595A69D3B6D6CA7A009D9A67A6A4F6D\libraries\SPI\SPI.cpp.o
                0x0000470c                SPIClass::getDataRegister()
 .text._ZN8SPIClass13getDMAC_ID_TXEv
                0x0000472c       0x24 C:\Users\Luke Reinke\AppData\Local\Temp\arduino-sketch-3595A69D3B6D6CA7A009D9A67A6A4F6D\libraries\SPI\SPI.cpp.o
                0x0000472c                SPIClass::getDMAC_ID_TX()
 .text._ZN8SPIClass13getDMAC_ID_RXEv
                0x00004750       0x24 C:\Users\Luke Reinke\AppData\Local\Temp\arduino-sketch-3595A69D3B6D6CA7A009D9A67A6A4F6D\libraries\SPI\SPI.cpp.o
                0x00004750                SPIClass::getDMAC_ID_RX()
 .text._ZN8SPIClass11dmaAllocateEv
                0x00004774      0x128 C:\Users\Luke Reinke\AppData\Local\Temp\arduino-sketch-3595A69D3B6D6CA7A009D9A67A6A4F6D\libraries\SPI\SPI.cpp.o
                0x00004774                SPIClass::dmaAllocate()
 .text._ZN8SPIClass5beginEv
                0x0000489c       0x64 C:\Users\Luke Reinke\AppData\Local\Temp\arduino-sketch-3595A69D3B6D6CA7A009D9A67A6A4F6D\libraries\SPI\SPI.cpp.o
                0x0000489c                SPIClass::begin()
 .text.startup._GLOBAL__sub_I__ZN8SPIClassC2EP6SERCOMhhh14SercomSpiTXPad11SercomRXPad
                0x00004900       0x38 C:\Users\Luke Reinke\AppData\Local\Temp\arduino-sketch-3595A69D3B6D6CA7A009D9A67A6A4F6D\libraries\SPI\SPI.cpp.o
 .text._ZL22cpu_irq_enter_criticalv
                0x00004938       0x28 C:\Users\Luke Reinke\AppData\Local\Temp\arduino-sketch-3595A69D3B6D6CA7A009D9A67A6A4F6D\libraries\Adafruit_ZeroDMA\Adafruit_ZeroDMA.cpp.o
 .text._ZL22cpu_irq_leave_criticalv
                0x00004960       0x28 C:\Users\Luke Reinke\AppData\Local\Temp\arduino-sketch-3595A69D3B6D6CA7A009D9A67A6A4F6D\libraries\Adafruit_ZeroDMA\Adafruit_ZeroDMA.cpp.o
 .text._ZN16Adafruit_ZeroDMAC2Ev
                0x00004988       0x18 C:\Users\Luke Reinke\AppData\Local\Temp\arduino-sketch-3595A69D3B6D6CA7A009D9A67A6A4F6D\libraries\Adafruit_ZeroDMA\Adafruit_ZeroDMA.cpp.o
                0x00004988                Adafruit_ZeroDMA::Adafruit_ZeroDMA()
                0x00004988                Adafruit_ZeroDMA::Adafruit_ZeroDMA()
 .text._ZN16Adafruit_ZeroDMA11_IRQhandlerEh
                0x000049a0       0x68 C:\Users\Luke Reinke\AppData\Local\Temp\arduino-sketch-3595A69D3B6D6CA7A009D9A67A6A4F6D\libraries\Adafruit_ZeroDMA\Adafruit_ZeroDMA.cpp.o
                0x000049a0                Adafruit_ZeroDMA::_IRQhandler(unsigned char)
 .text.DMAC_0_Handler
                0x00004a08       0x2c C:\Users\Luke Reinke\AppData\Local\Temp\arduino-sketch-3595A69D3B6D6CA7A009D9A67A6A4F6D\libraries\Adafruit_ZeroDMA\Adafruit_ZeroDMA.cpp.o
                0x00004a08                DMAC_4_Handler
                0x00004a08                DMAC_2_Handler
                0x00004a08                DMAC_1_Handler
                0x00004a08                DMAC_3_Handler
                0x00004a08                DMAC_0_Handler
 .text._ZN16Adafruit_ZeroDMA8allocateEv
                0x00004a34      0x174 C:\Users\Luke Reinke\AppData\Local\Temp\arduino-sketch-3595A69D3B6D6CA7A009D9A67A6A4F6D\libraries\Adafruit_ZeroDMA\Adafruit_ZeroDMA.cpp.o
                0x00004a34                Adafruit_ZeroDMA::allocate()
 .text._ZN16Adafruit_ZeroDMA4freeEv
                0x00004ba8       0x80 C:\Users\Luke Reinke\AppData\Local\Temp\arduino-sketch-3595A69D3B6D6CA7A009D9A67A6A4F6D\libraries\Adafruit_ZeroDMA\Adafruit_ZeroDMA.cpp.o
                0x00004ba8                Adafruit_ZeroDMA::free()
 .text._ZN16Adafruit_ZeroDMA11setCallbackEPFvPS_E17dma_callback_type
                0x00004c28        0x8 C:\Users\Luke Reinke\AppData\Local\Temp\arduino-sketch-3595A69D3B6D6CA7A009D9A67A6A4F6D\libraries\Adafruit_ZeroDMA\Adafruit_ZeroDMA.cpp.o
                0x00004c28                Adafruit_ZeroDMA::setCallback(void (*)(Adafruit_ZeroDMA*), dma_callback_type)
 .text._ZN16Adafruit_ZeroDMA10setTriggerEh
                0x00004c30       0x30 C:\Users\Luke Reinke\AppData\Local\Temp\arduino-sketch-3595A69D3B6D6CA7A009D9A67A6A4F6D\libraries\Adafruit_ZeroDMA\Adafruit_ZeroDMA.cpp.o
                0x00004c30                Adafruit_ZeroDMA::setTrigger(unsigned char)
 .text._ZN16Adafruit_ZeroDMA9setActionE27dma_transfer_trigger_action
                0x00004c60       0x30 C:\Users\Luke Reinke\AppData\Local\Temp\arduino-sketch-3595A69D3B6D6CA7A009D9A67A6A4F6D\libraries\Adafruit_ZeroDMA\Adafruit_ZeroDMA.cpp.o
                0x00004c60                Adafruit_ZeroDMA::setAction(dma_transfer_trigger_action)
 .text._ZN16Adafruit_ZeroDMA10getChannelEv
                0x00004c90        0x4 C:\Users\Luke Reinke\AppData\Local\Temp\arduino-sketch-3595A69D3B6D6CA7A009D9A67A6A4F6D\libraries\Adafruit_ZeroDMA\Adafruit_ZeroDMA.cpp.o
                0x00004c90                Adafruit_ZeroDMA::getChannel()
 .text._ZN16Adafruit_ZeroDMA13addDescriptorEPvS0_m13dma_beat_sizebbmb
                0x00004c94      0x108 C:\Users\Luke Reinke\AppData\Local\Temp\arduino-sketch-3595A69D3B6D6CA7A009D9A67A6A4F6D\libraries\Adafruit_ZeroDMA\Adafruit_ZeroDMA.cpp.o
                0x00004c94                Adafruit_ZeroDMA::addDescriptor(void*, void*, unsigned long, dma_beat_size, bool, bool, unsigned long, bool)
 .text.startup._GLOBAL__sub_I__ZN9DhcpClass13beginWithDHCPEPhmm
                0x00004d9c       0x1c C:\Users\Luke Reinke\AppData\Local\Temp\arduino-sketch-3595A69D3B6D6CA7A009D9A67A6A4F6D\libraries\Ethernet\Dhcp.cpp.o
 .text._ZN9DNSClient5beginERK9IPAddress
                0x00004db8        0xa C:\Users\Luke Reinke\AppData\Local\Temp\arduino-sketch-3595A69D3B6D6CA7A009D9A67A6A4F6D\libraries\Ethernet\Dns.cpp.o
                0x00004db8                DNSClient::begin(IPAddress const&)
 .text._ZN9DNSClient9inet_atonEPKcR9IPAddress
                0x00004dc2       0x48 C:\Users\Luke Reinke\AppData\Local\Temp\arduino-sketch-3595A69D3B6D6CA7A009D9A67A6A4F6D\libraries\Ethernet\Dns.cpp.o
                0x00004dc2                DNSClient::inet_aton(char const*, IPAddress&)
 *fill*         0x00004e0a        0x2 
 .text.startup._GLOBAL__sub_I__ZN9DNSClient5beginERK9IPAddress
                0x00004e0c       0x1c C:\Users\Luke Reinke\AppData\Local\Temp\arduino-sketch-3595A69D3B6D6CA7A009D9A67A6A4F6D\libraries\Ethernet\Dns.cpp.o
 .text._ZN9DNSClient12BuildRequestEPKc
                0x00004e28       0xe6 C:\Users\Luke Reinke\AppData\Local\Temp\arduino-sketch-3595A69D3B6D6CA7A009D9A67A6A4F6D\libraries\Ethernet\Dns.cpp.o
                0x00004e28                DNSClient::BuildRequest(char const*)
 .text._ZN9DNSClient15ProcessResponseEtR9IPAddress
                0x00004f0e      0x1d4 C:\Users\Luke Reinke\AppData\Local\Temp\arduino-sketch-3595A69D3B6D6CA7A009D9A67A6A4F6D\libraries\Ethernet\Dns.cpp.o
                0x00004f0e                DNSClient::ProcessResponse(unsigned short, IPAddress&)
 *fill*         0x000050e2        0x2 
 .text._ZN9DNSClient13getHostByNameEPKcR9IPAddresst
                0x000050e4       0x8c C:\Users\Luke Reinke\AppData\Local\Temp\arduino-sketch-3595A69D3B6D6CA7A009D9A67A6A4F6D\libraries\Ethernet\Dns.cpp.o
                0x000050e4                DNSClient::getHostByName(char const*, IPAddress&, unsigned short)
 .text._ZN10W5100Class8writeGAREPKh
                0x00005170        0xa C:\Users\Luke Reinke\AppData\Local\Temp\arduino-sketch-3595A69D3B6D6CA7A009D9A67A6A4F6D\libraries\Ethernet\Ethernet.cpp.o
                0x00005170                W5100Class::writeGAR(unsigned char const*)
 .text._ZN10W5100Class9writeSUBREPKh
                0x0000517a        0xa C:\Users\Luke Reinke\AppData\Local\Temp\arduino-sketch-3595A69D3B6D6CA7A009D9A67A6A4F6D\libraries\Ethernet\Ethernet.cpp.o
                0x0000517a                W5100Class::writeSUBR(unsigned char const*)
 .text._ZN10W5100Class9writeSHAREPKh
                0x00005184        0xa C:\Users\Luke Reinke\AppData\Local\Temp\arduino-sketch-3595A69D3B6D6CA7A009D9A67A6A4F6D\libraries\Ethernet\Ethernet.cpp.o
                0x00005184                W5100Class::writeSHAR(unsigned char const*)
 .text._ZN10W5100Class9writeSIPREPKh
                0x0000518e        0xa C:\Users\Luke Reinke\AppData\Local\Temp\arduino-sketch-3595A69D3B6D6CA7A009D9A67A6A4F6D\libraries\Ethernet\Ethernet.cpp.o
                0x0000518e                W5100Class::writeSIPR(unsigned char const*)
 .text._ZN13EthernetClass5beginEPh9IPAddressS1_S1_S1_
                0x00005198       0x5c C:\Users\Luke Reinke\AppData\Local\Temp\arduino-sketch-3595A69D3B6D6CA7A009D9A67A6A4F6D\libraries\Ethernet\Ethernet.cpp.o
                0x00005198                EthernetClass::begin(unsigned char*, IPAddress, IPAddress, IPAddress, IPAddress)
 .text._ZN13EthernetClass5beginEPh9IPAddressS1_S1_
                0x000051f4       0x54 C:\Users\Luke Reinke\AppData\Local\Temp\arduino-sketch-3595A69D3B6D6CA7A009D9A67A6A4F6D\libraries\Ethernet\Ethernet.cpp.o
                0x000051f4                EthernetClass::begin(unsigned char*, IPAddress, IPAddress, IPAddress)
 .text._ZN13EthernetClass5beginEPh9IPAddressS1_
                0x00005248       0x34 C:\Users\Luke Reinke\AppData\Local\Temp\arduino-sketch-3595A69D3B6D6CA7A009D9A67A6A4F6D\libraries\Ethernet\Ethernet.cpp.o
                0x00005248                EthernetClass::begin(unsigned char*, IPAddress, IPAddress)
 .text._ZN13EthernetClass5beginEPh9IPAddress
                0x0000527c       0x2c C:\Users\Luke Reinke\AppData\Local\Temp\arduino-sketch-3595A69D3B6D6CA7A009D9A67A6A4F6D\libraries\Ethernet\Ethernet.cpp.o
                0x0000527c                EthernetClass::begin(unsigned char*, IPAddress)
 .text._ZN13EthernetClass4initEh
                0x000052a8        0xc C:\Users\Luke Reinke\AppData\Local\Temp\arduino-sketch-3595A69D3B6D6CA7A009D9A67A6A4F6D\libraries\Ethernet\Ethernet.cpp.o
                0x000052a8                EthernetClass::init(unsigned char)
 .text._ZN13EthernetClass10linkStatusEv
                0x000052b4       0x12 C:\Users\Luke Reinke\AppData\Local\Temp\arduino-sketch-3595A69D3B6D6CA7A009D9A67A6A4F6D\libraries\Ethernet\Ethernet.cpp.o
                0x000052b4                EthernetClass::linkStatus()
 *fill*         0x000052c6        0x2 
 .text._ZN13EthernetClass14hardwareStatusEv
                0x000052c8       0x1c C:\Users\Luke Reinke\AppData\Local\Temp\arduino-sketch-3595A69D3B6D6CA7A009D9A67A6A4F6D\libraries\Ethernet\Ethernet.cpp.o
                0x000052c8                EthernetClass::hardwareStatus()
 .text.startup._GLOBAL__sub_I__ZN13EthernetClass17_dnsServerAddressE
                0x000052e4       0x24 C:\Users\Luke Reinke\AppData\Local\Temp\arduino-sketch-3595A69D3B6D6CA7A009D9A67A6A4F6D\libraries\Ethernet\Ethernet.cpp.o
 .text._ZN14EthernetClientcvbEv
                0x00005308        0xc C:\Users\Luke Reinke\AppData\Local\Temp\arduino-sketch-3595A69D3B6D6CA7A009D9A67A6A4F6D\libraries\Ethernet\EthernetClient.cpp.o
                0x00005308                EthernetClient::operator bool()
 .text._ZN14EthernetClienteqEb
                0x00005314        0x6 C:\Users\Luke Reinke\AppData\Local\Temp\arduino-sketch-3595A69D3B6D6CA7A009D9A67A6A4F6D\libraries\Ethernet\EthernetClient.cpp.o
                0x00005314                EthernetClient::operator==(bool)
 .text._ZN14EthernetClientneEb
                0x0000531a        0x4 C:\Users\Luke Reinke\AppData\Local\Temp\arduino-sketch-3595A69D3B6D6CA7A009D9A67A6A4F6D\libraries\Ethernet\EthernetClient.cpp.o
                0x0000531a                EthernetClient::operator!=(bool)
 .text._ZN14EthernetClientneERKS_
                0x0000531e       0x10 C:\Users\Luke Reinke\AppData\Local\Temp\arduino-sketch-3595A69D3B6D6CA7A009D9A67A6A4F6D\libraries\Ethernet\EthernetClient.cpp.o
                0x0000531e                EthernetClient::operator!=(EthernetClient const&)
 .text._ZN14EthernetClient20setConnectionTimeoutEt
                0x0000532e        0x4 C:\Users\Luke Reinke\AppData\Local\Temp\arduino-sketch-3595A69D3B6D6CA7A009D9A67A6A4F6D\libraries\Ethernet\EthernetClient.cpp.o
                0x0000532e                EthernetClient::setConnectionTimeout(unsigned short)
 .text._ZN14EthernetClient5writeEh
                0x00005332       0x18 C:\Users\Luke Reinke\AppData\Local\Temp\arduino-sketch-3595A69D3B6D6CA7A009D9A67A6A4F6D\libraries\Ethernet\EthernetClient.cpp.o
                0x00005332                EthernetClient::write(unsigned char)
 .text._ZN14EthernetClienteqERKS_
                0x0000534a       0x16 C:\Users\Luke Reinke\AppData\Local\Temp\arduino-sketch-3595A69D3B6D6CA7A009D9A67A6A4F6D\libraries\Ethernet\EthernetClient.cpp.o
                0x0000534a                EthernetClient::operator==(EthernetClient const&)
 .text._ZN14EthernetClient9connectedEv
                0x00005360       0x40 C:\Users\Luke Reinke\AppData\Local\Temp\arduino-sketch-3595A69D3B6D6CA7A009D9A67A6A4F6D\libraries\Ethernet\EthernetClient.cpp.o
                0x00005360                EthernetClient::connected()
 .text._ZN14EthernetClient7connectEPKct
                0x000053a0       0x8c C:\Users\Luke Reinke\AppData\Local\Temp\arduino-sketch-3595A69D3B6D6CA7A009D9A67A6A4F6D\libraries\Ethernet\EthernetClient.cpp.o
                0x000053a0                EthernetClient::connect(char const*, unsigned short)
 .text._ZN14EthernetClient17availableForWriteEv
                0x0000542c       0x12 C:\Users\Luke Reinke\AppData\Local\Temp\arduino-sketch-3595A69D3B6D6CA7A009D9A67A6A4F6D\libraries\Ethernet\EthernetClient.cpp.o
                0x0000542c                EthernetClient::availableForWrite()
 .text._ZN14EthernetClient5flushEv
                0x0000543e       0x24 C:\Users\Luke Reinke\AppData\Local\Temp\arduino-sketch-3595A69D3B6D6CA7A009D9A67A6A4F6D\libraries\Ethernet\EthernetClient.cpp.o
                0x0000543e                EthernetClient::flush()
 .text._ZN14EthernetClient5writeEPKhj
                0x00005462       0x1e C:\Users\Luke Reinke\AppData\Local\Temp\arduino-sketch-3595A69D3B6D6CA7A009D9A67A6A4F6D\libraries\Ethernet\EthernetClient.cpp.o
                0x00005462                EthernetClient::write(unsigned char const*, unsigned int)
 .text._ZN14EthernetClient9availableEv
                0x00005480       0x12 C:\Users\Luke Reinke\AppData\Local\Temp\arduino-sketch-3595A69D3B6D6CA7A009D9A67A6A4F6D\libraries\Ethernet\EthernetClient.cpp.o
                0x00005480                EthernetClient::available()
 .text._ZN14EthernetClient4readEPhj
                0x00005492       0x10 C:\Users\Luke Reinke\AppData\Local\Temp\arduino-sketch-3595A69D3B6D6CA7A009D9A67A6A4F6D\libraries\Ethernet\EthernetClient.cpp.o
                0x00005492                EthernetClient::read(unsigned char*, unsigned int)
 .text._ZN14EthernetClient4readEv
                0x000054a2       0x20 C:\Users\Luke Reinke\AppData\Local\Temp\arduino-sketch-3595A69D3B6D6CA7A009D9A67A6A4F6D\libraries\Ethernet\EthernetClient.cpp.o
                0x000054a2                EthernetClient::read()
 .text._ZN14EthernetClient4peekEv
                0x000054c2       0x22 C:\Users\Luke Reinke\AppData\Local\Temp\arduino-sketch-3595A69D3B6D6CA7A009D9A67A6A4F6D\libraries\Ethernet\EthernetClient.cpp.o
                0x000054c2                EthernetClient::peek()
 .text._ZN14EthernetClient4stopEv
                0x000054e4       0x3c C:\Users\Luke Reinke\AppData\Local\Temp\arduino-sketch-3595A69D3B6D6CA7A009D9A67A6A4F6D\libraries\Ethernet\EthernetClient.cpp.o
                0x000054e4                EthernetClient::stop()
 .text._ZN14EthernetClient7connectE9IPAddresst
                0x00005520       0x98 C:\Users\Luke Reinke\AppData\Local\Temp\arduino-sketch-3595A69D3B6D6CA7A009D9A67A6A4F6D\libraries\Ethernet\EthernetClient.cpp.o
                0x00005520                EthernetClient::connect(IPAddress, unsigned short)
 .text._ZN10W5100Class6readSnEhtPht
                0x000055b8       0x24 C:\Users\Luke Reinke\AppData\Local\Temp\arduino-sketch-3595A69D3B6D6CA7A009D9A67A6A4F6D\libraries\Ethernet\EthernetClient.cpp.o
                0x000055b8                W5100Class::readSn(unsigned char, unsigned short, unsigned char*, unsigned short)
 .text._ZN14EthernetClient9localPortEv
                0x000055dc       0x50 C:\Users\Luke Reinke\AppData\Local\Temp\arduino-sketch-3595A69D3B6D6CA7A009D9A67A6A4F6D\libraries\Ethernet\EthernetClient.cpp.o
                0x000055dc                EthernetClient::localPort()
 .text._ZN14EthernetClient8remoteIPEv
                0x0000562c       0x54 C:\Users\Luke Reinke\AppData\Local\Temp\arduino-sketch-3595A69D3B6D6CA7A009D9A67A6A4F6D\libraries\Ethernet\EthernetClient.cpp.o
                0x0000562c                EthernetClient::remoteIP()
 .text._ZN14EthernetClient10remotePortEv
                0x00005680       0x50 C:\Users\Luke Reinke\AppData\Local\Temp\arduino-sketch-3595A69D3B6D6CA7A009D9A67A6A4F6D\libraries\Ethernet\EthernetClient.cpp.o
                0x00005680                EthernetClient::remotePort()
 .text.startup._GLOBAL__sub_I__ZN14EthernetClient7connectEPKct
                0x000056d0       0x1c C:\Users\Luke Reinke\AppData\Local\Temp\arduino-sketch-3595A69D3B6D6CA7A009D9A67A6A4F6D\libraries\Ethernet\EthernetClient.cpp.o
 .text._ZN5Print17availableForWriteEv
                0x000056ec        0x4 C:\Users\Luke Reinke\AppData\Local\Temp\arduino-sketch-3595A69D3B6D6CA7A009D9A67A6A4F6D\libraries\Ethernet\EthernetServer.cpp.o
                0x000056ec                Print::availableForWrite()
 .text.startup._GLOBAL__sub_I__ZN14EthernetServer11server_portE
                0x000056f0       0x1c C:\Users\Luke Reinke\AppData\Local\Temp\arduino-sketch-3595A69D3B6D6CA7A009D9A67A6A4F6D\libraries\Ethernet\EthernetServer.cpp.o
 .text._ZN11EthernetUDP4readEPcj
                0x0000570c        0x6 C:\Users\Luke Reinke\AppData\Local\Temp\arduino-sketch-3595A69D3B6D6CA7A009D9A67A6A4F6D\libraries\Ethernet\EthernetUdp.cpp.o
                0x0000570c                EthernetUDP::read(char*, unsigned int)
 *fill*         0x00005712        0x2 
 .text._ZN11EthernetUDP8remoteIPEv
                0x00005714       0x10 C:\Users\Luke Reinke\AppData\Local\Temp\arduino-sketch-3595A69D3B6D6CA7A009D9A67A6A4F6D\libraries\Ethernet\EthernetUdp.cpp.o
                0x00005714                EthernetUDP::remoteIP()
 .text._ZN11EthernetUDP10remotePortEv
                0x00005724        0x4 C:\Users\Luke Reinke\AppData\Local\Temp\arduino-sketch-3595A69D3B6D6CA7A009D9A67A6A4F6D\libraries\Ethernet\EthernetUdp.cpp.o
                0x00005724                EthernetUDP::remotePort()
 .text._ZN11EthernetUDP9localPortEv
                0x00005728        0x4 C:\Users\Luke Reinke\AppData\Local\Temp\arduino-sketch-3595A69D3B6D6CA7A009D9A67A6A4F6D\libraries\Ethernet\EthernetUdp.cpp.o
                0x00005728                EthernetUDP::localPort()
 .text._ZN11EthernetUDP9availableEv
                0x0000572c        0x4 C:\Users\Luke Reinke\AppData\Local\Temp\arduino-sketch-3595A69D3B6D6CA7A009D9A67A6A4F6D\libraries\Ethernet\EthernetUdp.cpp.o
                0x0000572c                EthernetUDP::available()
 .text._ZN11EthernetUDP5writeEh
                0x00005730       0x18 C:\Users\Luke Reinke\AppData\Local\Temp\arduino-sketch-3595A69D3B6D6CA7A009D9A67A6A4F6D\libraries\Ethernet\EthernetUdp.cpp.o
                0x00005730                EthernetUDP::write(unsigned char)
 .text._ZN11EthernetUDP5flushEv
                0x00005748        0x2 C:\Users\Luke Reinke\AppData\Local\Temp\arduino-sketch-3595A69D3B6D6CA7A009D9A67A6A4F6D\libraries\Ethernet\EthernetUdp.cpp.o
                0x00005748                EthernetUDP::flush()
 .text._ZN11EthernetUDP4stopEv
                0x0000574a       0x18 C:\Users\Luke Reinke\AppData\Local\Temp\arduino-sketch-3595A69D3B6D6CA7A009D9A67A6A4F6D\libraries\Ethernet\EthernetUdp.cpp.o
                0x0000574a                EthernetUDP::stop()
 .text._ZN11EthernetUDP5beginEt
                0x00005762       0x2e C:\Users\Luke Reinke\AppData\Local\Temp\arduino-sketch-3595A69D3B6D6CA7A009D9A67A6A4F6D\libraries\Ethernet\EthernetUdp.cpp.o
                0x00005762                EthernetUDP::begin(unsigned short)
 .text._ZN11EthernetUDP11beginPacketEPKct
                0x00005790       0x78 C:\Users\Luke Reinke\AppData\Local\Temp\arduino-sketch-3595A69D3B6D6CA7A009D9A67A6A4F6D\libraries\Ethernet\EthernetUdp.cpp.o
                0x00005790                EthernetUDP::beginPacket(char const*, unsigned short)
 .text._ZN11EthernetUDP11beginPacketE9IPAddresst
                0x00005808       0x12 C:\Users\Luke Reinke\AppData\Local\Temp\arduino-sketch-3595A69D3B6D6CA7A009D9A67A6A4F6D\libraries\Ethernet\EthernetUdp.cpp.o
                0x00005808                EthernetUDP::beginPacket(IPAddress, unsigned short)
 .text._ZN11EthernetUDP9endPacketEv
                0x0000581a        0xc C:\Users\Luke Reinke\AppData\Local\Temp\arduino-sketch-3595A69D3B6D6CA7A009D9A67A6A4F6D\libraries\Ethernet\EthernetUdp.cpp.o
                0x0000581a                EthernetUDP::endPacket()
 .text._ZN11EthernetUDP5writeEPKhj
                0x00005826       0x1a C:\Users\Luke Reinke\AppData\Local\Temp\arduino-sketch-3595A69D3B6D6CA7A009D9A67A6A4F6D\libraries\Ethernet\EthernetUdp.cpp.o
                0x00005826                EthernetUDP::write(unsigned char const*, unsigned int)
 .text._ZN11EthernetUDP4readEv
                0x00005840       0x2e C:\Users\Luke Reinke\AppData\Local\Temp\arduino-sketch-3595A69D3B6D6CA7A009D9A67A6A4F6D\libraries\Ethernet\EthernetUdp.cpp.o
                0x00005840                EthernetUDP::read()
 .text._ZN11EthernetUDP4readEPhj
                0x0000586e       0x2a C:\Users\Luke Reinke\AppData\Local\Temp\arduino-sketch-3595A69D3B6D6CA7A009D9A67A6A4F6D\libraries\Ethernet\EthernetUdp.cpp.o
                0x0000586e                EthernetUDP::read(unsigned char*, unsigned int)
 .text._ZN11EthernetUDP4peekEv
                0x00005898       0x1c C:\Users\Luke Reinke\AppData\Local\Temp\arduino-sketch-3595A69D3B6D6CA7A009D9A67A6A4F6D\libraries\Ethernet\EthernetUdp.cpp.o
                0x00005898                EthernetUDP::peek()
 .text._ZN11EthernetUDP14beginMulticastE9IPAddresst
                0x000058b4       0x40 C:\Users\Luke Reinke\AppData\Local\Temp\arduino-sketch-3595A69D3B6D6CA7A009D9A67A6A4F6D\libraries\Ethernet\EthernetUdp.cpp.o
                0x000058b4                EthernetUDP::beginMulticast(IPAddress, unsigned short)
 .text._ZN11EthernetUDP11parsePacketEv
                0x000058f4       0x5c C:\Users\Luke Reinke\AppData\Local\Temp\arduino-sketch-3595A69D3B6D6CA7A009D9A67A6A4F6D\libraries\Ethernet\EthernetUdp.cpp.o
                0x000058f4                EthernetUDP::parsePacket()
 .text.startup._GLOBAL__sub_I__ZN11EthernetUDP5beginEt
                0x00005950       0x1c C:\Users\Luke Reinke\AppData\Local\Temp\arduino-sketch-3595A69D3B6D6CA7A009D9A67A6A4F6D\libraries\Ethernet\EthernetUdp.cpp.o
 .text._ZN10W5100Class6readSnEht
                0x0000596c       0x28 C:\Users\Luke Reinke\AppData\Local\Temp\arduino-sketch-3595A69D3B6D6CA7A009D9A67A6A4F6D\libraries\Ethernet\socket.cpp.o
                0x0000596c                W5100Class::readSn(unsigned char, unsigned short)
 .text._ZN10W5100Class7writeSnEhth
                0x00005994       0x2c C:\Users\Luke Reinke\AppData\Local\Temp\arduino-sketch-3595A69D3B6D6CA7A009D9A67A6A4F6D\libraries\Ethernet\socket.cpp.o
                0x00005994                W5100Class::writeSn(unsigned char, unsigned short, unsigned char)
 .text._ZN10W5100Class7writeSnEhtPht
                0x000059c0       0x24 C:\Users\Luke Reinke\AppData\Local\Temp\arduino-sketch-3595A69D3B6D6CA7A009D9A67A6A4F6D\libraries\Ethernet\socket.cpp.o
                0x000059c0                W5100Class::writeSn(unsigned char, unsigned short, unsigned char*, unsigned short)
 .text._ZL10write_datahtPKht
                0x000059e4       0xa8 C:\Users\Luke Reinke\AppData\Local\Temp\arduino-sketch-3595A69D3B6D6CA7A009D9A67A6A4F6D\libraries\Ethernet\socket.cpp.o
 .text._ZN10W5100Class8readSnSREh
                0x00005a8c        0xa C:\Users\Luke Reinke\AppData\Local\Temp\arduino-sketch-3595A69D3B6D6CA7A009D9A67A6A4F6D\libraries\Ethernet\socket.cpp.o
                0x00005a8c                W5100Class::readSnSR(unsigned char)
 .text._ZN10W5100Class11writeSnPORTEht
                0x00005a96       0x18 C:\Users\Luke Reinke\AppData\Local\Temp\arduino-sketch-3595A69D3B6D6CA7A009D9A67A6A4F6D\libraries\Ethernet\socket.cpp.o
                0x00005a96                W5100Class::writeSnPORT(unsigned char, unsigned short)
 .text._ZN10W5100Class11writeSnDIPREhPh
                0x00005aae        0xe C:\Users\Luke Reinke\AppData\Local\Temp\arduino-sketch-3595A69D3B6D6CA7A009D9A67A6A4F6D\libraries\Ethernet\socket.cpp.o
                0x00005aae                W5100Class::writeSnDIPR(unsigned char, unsigned char*)
 .text._ZN10W5100Class12writeSnDPORTEht
                0x00005abc       0x18 C:\Users\Luke Reinke\AppData\Local\Temp\arduino-sketch-3595A69D3B6D6CA7A009D9A67A6A4F6D\libraries\Ethernet\socket.cpp.o
                0x00005abc                W5100Class::writeSnDPORT(unsigned char, unsigned short)
 .text._ZN10W5100Class12readSnTX_FSREh
                0x00005ad4       0x1e C:\Users\Luke Reinke\AppData\Local\Temp\arduino-sketch-3595A69D3B6D6CA7A009D9A67A6A4F6D\libraries\Ethernet\socket.cpp.o
                0x00005ad4                W5100Class::readSnTX_FSR(unsigned char)
 *fill*         0x00005af2        0x2 
 .text._ZL11getSnTX_FSRh
                0x00005af4       0x28 C:\Users\Luke Reinke\AppData\Local\Temp\arduino-sketch-3595A69D3B6D6CA7A009D9A67A6A4F6D\libraries\Ethernet\socket.cpp.o
 .text._ZN10W5100Class12readSnRX_RSREh
                0x00005b1c       0x1e C:\Users\Luke Reinke\AppData\Local\Temp\arduino-sketch-3595A69D3B6D6CA7A009D9A67A6A4F6D\libraries\Ethernet\socket.cpp.o
                0x00005b1c                W5100Class::readSnRX_RSR(unsigned char)
 .text._ZN10W5100Class11readSnRX_RDEh
                0x00005b3a       0x1e C:\Users\Luke Reinke\AppData\Local\Temp\arduino-sketch-3595A69D3B6D6CA7A009D9A67A6A4F6D\libraries\Ethernet\socket.cpp.o
                0x00005b3a                W5100Class::readSnRX_RD(unsigned char)
 .text._ZN10W5100Class5RBASEEh
                0x00005b58       0x18 C:\Users\Luke Reinke\AppData\Local\Temp\arduino-sketch-3595A69D3B6D6CA7A009D9A67A6A4F6D\libraries\Ethernet\socket.cpp.o
                0x00005b58                W5100Class::RBASE(unsigned char)
 .text._ZN13EthernetClass11socketBeginEht
                0x00005b70      0x104 C:\Users\Luke Reinke\AppData\Local\Temp\arduino-sketch-3595A69D3B6D6CA7A009D9A67A6A4F6D\libraries\Ethernet\socket.cpp.o
                0x00005b70                EthernetClass::socketBegin(unsigned char, unsigned short)
 .text._ZN13EthernetClass20socketBeginMulticastEh9IPAddresst
                0x00005c74      0x148 C:\Users\Luke Reinke\AppData\Local\Temp\arduino-sketch-3595A69D3B6D6CA7A009D9A67A6A4F6D\libraries\Ethernet\socket.cpp.o
                0x00005c74                EthernetClass::socketBeginMulticast(unsigned char, IPAddress, unsigned short)
 .text._ZN13EthernetClass12socketStatusEh
                0x00005dbc       0x38 C:\Users\Luke Reinke\AppData\Local\Temp\arduino-sketch-3595A69D3B6D6CA7A009D9A67A6A4F6D\libraries\Ethernet\socket.cpp.o
                0x00005dbc                EthernetClass::socketStatus(unsigned char)
 .text._ZN13EthernetClass11socketCloseEh
                0x00005df4       0x38 C:\Users\Luke Reinke\AppData\Local\Temp\arduino-sketch-3595A69D3B6D6CA7A009D9A67A6A4F6D\libraries\Ethernet\socket.cpp.o
                0x00005df4                EthernetClass::socketClose(unsigned char)
 .text._ZN13EthernetClass13socketConnectEhPht
                0x00005e2c       0x4c C:\Users\Luke Reinke\AppData\Local\Temp\arduino-sketch-3595A69D3B6D6CA7A009D9A67A6A4F6D\libraries\Ethernet\socket.cpp.o
                0x00005e2c                EthernetClass::socketConnect(unsigned char, unsigned char*, unsigned short)
 .text._ZN13EthernetClass16socketDisconnectEh
                0x00005e78       0x38 C:\Users\Luke Reinke\AppData\Local\Temp\arduino-sketch-3595A69D3B6D6CA7A009D9A67A6A4F6D\libraries\Ethernet\socket.cpp.o
                0x00005e78                EthernetClass::socketDisconnect(unsigned char)
 .text._ZN13EthernetClass10socketRecvEhPhs
                0x00005eb0      0x13c C:\Users\Luke Reinke\AppData\Local\Temp\arduino-sketch-3595A69D3B6D6CA7A009D9A67A6A4F6D\libraries\Ethernet\socket.cpp.o
                0x00005eb0                EthernetClass::socketRecv(unsigned char, unsigned char*, short)
 .text._ZN13EthernetClass19socketRecvAvailableEh
                0x00005fec       0x5c C:\Users\Luke Reinke\AppData\Local\Temp\arduino-sketch-3595A69D3B6D6CA7A009D9A67A6A4F6D\libraries\Ethernet\socket.cpp.o
                0x00005fec                EthernetClass::socketRecvAvailable(unsigned char)
 .text._ZN13EthernetClass10socketPeekEh
                0x00006048       0x54 C:\Users\Luke Reinke\AppData\Local\Temp\arduino-sketch-3595A69D3B6D6CA7A009D9A67A6A4F6D\libraries\Ethernet\socket.cpp.o
                0x00006048                EthernetClass::socketPeek(unsigned char)
 .text._ZN13EthernetClass10socketSendEhPKht
                0x0000609c       0xf4 C:\Users\Luke Reinke\AppData\Local\Temp\arduino-sketch-3595A69D3B6D6CA7A009D9A67A6A4F6D\libraries\Ethernet\socket.cpp.o
                0x0000609c                EthernetClass::socketSend(unsigned char, unsigned char const*, unsigned short)
 .text._ZN13EthernetClass19socketSendAvailableEh
                0x00006190       0x48 C:\Users\Luke Reinke\AppData\Local\Temp\arduino-sketch-3595A69D3B6D6CA7A009D9A67A6A4F6D\libraries\Ethernet\socket.cpp.o
                0x00006190                EthernetClass::socketSendAvailable(unsigned char)
 .text._ZN13EthernetClass16socketBufferDataEhtPKht
                0x000061d8       0x58 C:\Users\Luke Reinke\AppData\Local\Temp\arduino-sketch-3595A69D3B6D6CA7A009D9A67A6A4F6D\libraries\Ethernet\socket.cpp.o
                0x000061d8                EthernetClass::socketBufferData(unsigned char, unsigned short, unsigned char const*, unsigned short)
 .text._ZN13EthernetClass14socketStartUDPEhPht
                0x00006230       0x58 C:\Users\Luke Reinke\AppData\Local\Temp\arduino-sketch-3595A69D3B6D6CA7A009D9A67A6A4F6D\libraries\Ethernet\socket.cpp.o
                0x00006230                EthernetClass::socketStartUDP(unsigned char, unsigned char*, unsigned short)
 .text._ZN13EthernetClass13socketSendUDPEh
                0x00006288       0x98 C:\Users\Luke Reinke\AppData\Local\Temp\arduino-sketch-3595A69D3B6D6CA7A009D9A67A6A4F6D\libraries\Ethernet\socket.cpp.o
                0x00006288                EthernetClass::socketSendUDP(unsigned char)
 .text.startup._GLOBAL__sub_I__ZN13EthernetClass14socketPortRandEt
                0x00006320       0x1c C:\Users\Luke Reinke\AppData\Local\Temp\arduino-sketch-3595A69D3B6D6CA7A009D9A67A6A4F6D\libraries\Ethernet\socket.cpp.o
 .text._ZN10W5100Class5setSSEv
                0x0000633c       0x10 C:\Users\Luke Reinke\AppData\Local\Temp\arduino-sketch-3595A69D3B6D6CA7A009D9A67A6A4F6D\libraries\Ethernet\utility\w5100.cpp.o
                0x0000633c                W5100Class::setSS()
 .text._ZN10W5100Class7resetSSEv
                0x0000634c       0x10 C:\Users\Luke Reinke\AppData\Local\Temp\arduino-sketch-3595A69D3B6D6CA7A009D9A67A6A4F6D\libraries\Ethernet\utility\w5100.cpp.o
                0x0000634c                W5100Class::resetSS()
 .text._ZN10W5100Class5writeEtPKht
                0x0000635c      0x13c C:\Users\Luke Reinke\AppData\Local\Temp\arduino-sketch-3595A69D3B6D6CA7A009D9A67A6A4F6D\libraries\Ethernet\utility\w5100.cpp.o
                0x0000635c                W5100Class::write(unsigned short, unsigned char const*, unsigned short)
 .text._ZN10W5100Class5writeEth
                0x00006498       0x18 C:\Users\Luke Reinke\AppData\Local\Temp\arduino-sketch-3595A69D3B6D6CA7A009D9A67A6A4F6D\libraries\Ethernet\utility\w5100.cpp.o
                0x00006498                W5100Class::write(unsigned short, unsigned char)
 .text._ZN10W5100Class7writeMREh
                0x000064b0        0xc C:\Users\Luke Reinke\AppData\Local\Temp\arduino-sketch-3595A69D3B6D6CA7A009D9A67A6A4F6D\libraries\Ethernet\utility\w5100.cpp.o
                0x000064b0                W5100Class::writeMR(unsigned char)
 .text._ZN10W5100Class4readEtPht
                0x000064bc       0xfc C:\Users\Luke Reinke\AppData\Local\Temp\arduino-sketch-3595A69D3B6D6CA7A009D9A67A6A4F6D\libraries\Ethernet\utility\w5100.cpp.o
                0x000064bc                W5100Class::read(unsigned short, unsigned char*, unsigned short)
 .text._ZN10W5100Class4readEt
                0x000065b8       0x16 C:\Users\Luke Reinke\AppData\Local\Temp\arduino-sketch-3595A69D3B6D6CA7A009D9A67A6A4F6D\libraries\Ethernet\utility\w5100.cpp.o
                0x000065b8                W5100Class::read(unsigned short)
 .text._ZN10W5100Class6readMREv
                0x000065ce        0xa C:\Users\Luke Reinke\AppData\Local\Temp\arduino-sketch-3595A69D3B6D6CA7A009D9A67A6A4F6D\libraries\Ethernet\utility\w5100.cpp.o
                0x000065ce                W5100Class::readMR()
 .text._ZN10W5100Class9softResetEv
                0x000065d8       0x26 C:\Users\Luke Reinke\AppData\Local\Temp\arduino-sketch-3595A69D3B6D6CA7A009D9A67A6A4F6D\libraries\Ethernet\utility\w5100.cpp.o
                0x000065d8                W5100Class::softReset()
 *fill*         0x000065fe        0x2 
 .text._ZN10W5100Class7isW5100Ev
                0x00006600       0x44 C:\Users\Luke Reinke\AppData\Local\Temp\arduino-sketch-3595A69D3B6D6CA7A009D9A67A6A4F6D\libraries\Ethernet\utility\w5100.cpp.o
                0x00006600                W5100Class::isW5100()
 .text._ZN10W5100Class7isW5200Ev
                0x00006644       0x50 C:\Users\Luke Reinke\AppData\Local\Temp\arduino-sketch-3595A69D3B6D6CA7A009D9A67A6A4F6D\libraries\Ethernet\utility\w5100.cpp.o
                0x00006644                W5100Class::isW5200()
 .text._ZN10W5100Class7isW5500Ev
                0x00006694       0x50 C:\Users\Luke Reinke\AppData\Local\Temp\arduino-sketch-3595A69D3B6D6CA7A009D9A67A6A4F6D\libraries\Ethernet\utility\w5100.cpp.o
                0x00006694                W5100Class::isW5500()
 .text._ZN10W5100Class4initEv
                0x000066e4       0xc8 C:\Users\Luke Reinke\AppData\Local\Temp\arduino-sketch-3595A69D3B6D6CA7A009D9A67A6A4F6D\libraries\Ethernet\utility\w5100.cpp.o
                0x000066e4                W5100Class::init()
 .text._ZN10W5100Class13getLinkStatusEv
                0x000067ac       0x84 C:\Users\Luke Reinke\AppData\Local\Temp\arduino-sketch-3595A69D3B6D6CA7A009D9A67A6A4F6D\libraries\Ethernet\utility\w5100.cpp.o
                0x000067ac                W5100Class::getLinkStatus()
 .text._ZN10W5100Class9execCmdSnEh7SockCMD
                0x00006830       0x28 C:\Users\Luke Reinke\AppData\Local\Temp\arduino-sketch-3595A69D3B6D6CA7A009D9A67A6A4F6D\libraries\Ethernet\utility\w5100.cpp.o
                0x00006830                W5100Class::execCmdSn(unsigned char, SockCMD)
 .text.startup._GLOBAL__sub_I__ZN10W5100Class4chipE
                0x00006858       0x1c C:\Users\Luke Reinke\AppData\Local\Temp\arduino-sketch-3595A69D3B6D6CA7A009D9A67A6A4F6D\libraries\Ethernet\utility\w5100.cpp.o
 .text.SERCOM5_0_Handler
                0x00006874        0xc C:\Users\Luke Reinke\AppData\Local\Temp\arduino-sketch-3595A69D3B6D6CA7A009D9A67A6A4F6D\core\variant.cpp.o
                0x00006874                SERCOM5_0_Handler
 .text.SERCOM5_1_Handler
                0x00006880        0x4 C:\Users\Luke Reinke\AppData\Local\Temp\arduino-sketch-3595A69D3B6D6CA7A009D9A67A6A4F6D\core\variant.cpp.o
                0x00006880                SERCOM5_1_Handler
 .text.SERCOM5_2_Handler
                0x00006884        0x4 C:\Users\Luke Reinke\AppData\Local\Temp\arduino-sketch-3595A69D3B6D6CA7A009D9A67A6A4F6D\core\variant.cpp.o
                0x00006884                SERCOM5_2_Handler
 .text.SERCOM5_3_Handler
                0x00006888        0x4 C:\Users\Luke Reinke\AppData\Local\Temp\arduino-sketch-3595A69D3B6D6CA7A009D9A67A6A4F6D\core\variant.cpp.o
                0x00006888                SERCOM5_3_Handler
 .text.startup._GLOBAL__sub_I_g_APinDescription
                0x0000688c       0x7c C:\Users\Luke Reinke\AppData\Local\Temp\arduino-sketch-3595A69D3B6D6CA7A009D9A67A6A4F6D\core\variant.cpp.o
 .text._ZNK9IPAddress7printToER5Print
                0x00006908       0x40 C:\Users\Luke Reinke\AppData\Local\Temp\arduino-sketch-3595A69D3B6D6CA7A009D9A67A6A4F6D/..\arduino-core-cache\core_f58a9f98544868bc1c1e23579f6b5dc6.a(IPAddress.cpp.o)
                0x00006908                IPAddress::printTo(Print&) const
 .text._ZN9IPAddressC2Ev
                0x00006948       0x10 C:\Users\Luke Reinke\AppData\Local\Temp\arduino-sketch-3595A69D3B6D6CA7A009D9A67A6A4F6D/..\arduino-core-cache\core_f58a9f98544868bc1c1e23579f6b5dc6.a(IPAddress.cpp.o)
                0x00006948                IPAddress::IPAddress()
                0x00006948                IPAddress::IPAddress()
 .text._ZN9IPAddressC2Ehhhh
                0x00006958       0x18 C:\Users\Luke Reinke\AppData\Local\Temp\arduino-sketch-3595A69D3B6D6CA7A009D9A67A6A4F6D/..\arduino-core-cache\core_f58a9f98544868bc1c1e23579f6b5dc6.a(IPAddress.cpp.o)
                0x00006958                IPAddress::IPAddress(unsigned char, unsigned char, unsigned char, unsigned char)
                0x00006958                IPAddress::IPAddress(unsigned char, unsigned char, unsigned char, unsigned char)
 .text._ZN9IPAddressC2Em
                0x00006970        0xc C:\Users\Luke Reinke\AppData\Local\Temp\arduino-sketch-3595A69D3B6D6CA7A009D9A67A6A4F6D/..\arduino-core-cache\core_f58a9f98544868bc1c1e23579f6b5dc6.a(IPAddress.cpp.o)
                0x00006970                IPAddress::IPAddress(unsigned long)
                0x00006970                IPAddress::IPAddress(unsigned long)
 .text._ZN9IPAddressC2EPKh
                0x0000697c       0x10 C:\Users\Luke Reinke\AppData\Local\Temp\arduino-sketch-3595A69D3B6D6CA7A009D9A67A6A4F6D/..\arduino-core-cache\core_f58a9f98544868bc1c1e23579f6b5dc6.a(IPAddress.cpp.o)
                0x0000697c                IPAddress::IPAddress(unsigned char const*)
                0x0000697c                IPAddress::IPAddress(unsigned char const*)
 .text._ZN9IPAddressaSEPKh
                0x0000698c        0x6 C:\Users\Luke Reinke\AppData\Local\Temp\arduino-sketch-3595A69D3B6D6CA7A009D9A67A6A4F6D/..\arduino-core-cache\core_f58a9f98544868bc1c1e23579f6b5dc6.a(IPAddress.cpp.o)
                0x0000698c                IPAddress::operator=(unsigned char const*)
 .text._ZN5Print5writeEPKhj
                0x00006992       0x22 C:\Users\Luke Reinke\AppData\Local\Temp\arduino-sketch-3595A69D3B6D6CA7A009D9A67A6A4F6D/..\arduino-core-cache\core_f58a9f98544868bc1c1e23579f6b5dc6.a(Print.cpp.o)
                0x00006992                Print::write(unsigned char const*, unsigned int)
 .text._ZN5Print5writeEPKc
                0x000069b4       0x24 C:\Users\Luke Reinke\AppData\Local\Temp\arduino-sketch-3595A69D3B6D6CA7A009D9A67A6A4F6D/..\arduino-core-cache\core_f58a9f98544868bc1c1e23579f6b5dc6.a(Print.cpp.o)
                0x000069b4                Print::write(char const*)
 .text._ZN5Print5printEPKc
                0x000069d8        0x8 C:\Users\Luke Reinke\AppData\Local\Temp\arduino-sketch-3595A69D3B6D6CA7A009D9A67A6A4F6D/..\arduino-core-cache\core_f58a9f98544868bc1c1e23579f6b5dc6.a(Print.cpp.o)
                0x000069d8                Print::print(char const*)
 .text._ZN5Print5printEc
                0x000069e0        0x6 C:\Users\Luke Reinke\AppData\Local\Temp\arduino-sketch-3595A69D3B6D6CA7A009D9A67A6A4F6D/..\arduino-core-cache\core_f58a9f98544868bc1c1e23579f6b5dc6.a(Print.cpp.o)
                0x000069e0                Print::print(char)
 .text._ZN5Print5printERK9Printable
                0x000069e6        0xc C:\Users\Luke Reinke\AppData\Local\Temp\arduino-sketch-3595A69D3B6D6CA7A009D9A67A6A4F6D/..\arduino-core-cache\core_f58a9f98544868bc1c1e23579f6b5dc6.a(Print.cpp.o)
                0x000069e6                Print::print(Printable const&)
 *fill*         0x000069f2        0x2 
 .text._ZN5Print7printlnEv
                0x000069f4       0x10 C:\Users\Luke Reinke\AppData\Local\Temp\arduino-sketch-3595A69D3B6D6CA7A009D9A67A6A4F6D/..\arduino-core-cache\core_f58a9f98544868bc1c1e23579f6b5dc6.a(Print.cpp.o)
                0x000069f4                Print::println()
 .text._ZN5Print7printlnEPKc
                0x00006a04       0x14 C:\Users\Luke Reinke\AppData\Local\Temp\arduino-sketch-3595A69D3B6D6CA7A009D9A67A6A4F6D/..\arduino-core-cache\core_f58a9f98544868bc1c1e23579f6b5dc6.a(Print.cpp.o)
                0x00006a04                Print::println(char const*)
 .text._ZN5Print7printlnERK9Printable
                0x00006a18       0x14 C:\Users\Luke Reinke\AppData\Local\Temp\arduino-sketch-3595A69D3B6D6CA7A009D9A67A6A4F6D/..\arduino-core-cache\core_f58a9f98544868bc1c1e23579f6b5dc6.a(Print.cpp.o)
                0x00006a18                Print::println(Printable const&)
 .text._ZN5Print11printNumberEmh
                0x00006a2c       0x3c C:\Users\Luke Reinke\AppData\Local\Temp\arduino-sketch-3595A69D3B6D6CA7A009D9A67A6A4F6D/..\arduino-core-cache\core_f58a9f98544868bc1c1e23579f6b5dc6.a(Print.cpp.o)
                0x00006a2c                Print::printNumber(unsigned long, unsigned char)
 .text._ZN5Print5printEli
                0x00006a68       0x42 C:\Users\Luke Reinke\AppData\Local\Temp\arduino-sketch-3595A69D3B6D6CA7A009D9A67A6A4F6D/..\arduino-core-cache\core_f58a9f98544868bc1c1e23579f6b5dc6.a(Print.cpp.o)
                0x00006a68                Print::print(long, int)
 .text._ZN5Print5printEii
                0x00006aaa        0x4 C:\Users\Luke Reinke\AppData\Local\Temp\arduino-sketch-3595A69D3B6D6CA7A009D9A67A6A4F6D/..\arduino-core-cache\core_f58a9f98544868bc1c1e23579f6b5dc6.a(Print.cpp.o)
                0x00006aaa                Print::print(int, int)
 .text._ZN5Print5printEmi
                0x00006aae       0x1a C:\Users\Luke Reinke\AppData\Local\Temp\arduino-sketch-3595A69D3B6D6CA7A009D9A67A6A4F6D/..\arduino-core-cache\core_f58a9f98544868bc1c1e23579f6b5dc6.a(Print.cpp.o)
                0x00006aae                Print::print(unsigned long, int)
 .text._ZN5Print5printEhi
                0x00006ac8        0x4 C:\Users\Luke Reinke\AppData\Local\Temp\arduino-sketch-3595A69D3B6D6CA7A009D9A67A6A4F6D/..\arduino-core-cache\core_f58a9f98544868bc1c1e23579f6b5dc6.a(Print.cpp.o)
                0x00006ac8                Print::print(unsigned char, int)
 .text._ZN6SERCOMC2EP6Sercom
                0x00006acc        0x8 C:\Users\Luke Reinke\AppData\Local\Temp\arduino-sketch-3595A69D3B6D6CA7A009D9A67A6A4F6D/..\arduino-core-cache\core_f58a9f98544868bc1c1e23579f6b5dc6.a(SERCOM.cpp.o)
                0x00006acc                SERCOM::SERCOM(Sercom*)
                0x00006acc                SERCOM::SERCOM(Sercom*)
 .text._ZN6SERCOM9initFrameE18SercomUartCharSize15SercomDataOrder16SercomParityMode19SercomNumberStopBit
                0x00006ad4       0x38 C:\Users\Luke Reinke\AppData\Local\Temp\arduino-sketch-3595A69D3B6D6CA7A009D9A67A6A4F6D/..\arduino-core-cache\core_f58a9f98544868bc1c1e23579f6b5dc6.a(SERCOM.cpp.o)
                0x00006ad4                SERCOM::initFrame(SercomUartCharSize, SercomDataOrder, SercomParityMode, SercomNumberStopBit)
 .text._ZN6SERCOM8initPadsE15SercomUartTXPad11SercomRXPad
                0x00006b0c       0x24 C:\Users\Luke Reinke\AppData\Local\Temp\arduino-sketch-3595A69D3B6D6CA7A009D9A67A6A4F6D/..\arduino-core-cache\core_f58a9f98544868bc1c1e23579f6b5dc6.a(SERCOM.cpp.o)
                0x00006b0c                SERCOM::initPads(SercomUartTXPad, SercomRXPad)
 .text._ZN6SERCOM9resetUARTEv
                0x00006b30       0x1a C:\Users\Luke Reinke\AppData\Local\Temp\arduino-sketch-3595A69D3B6D6CA7A009D9A67A6A4F6D/..\arduino-core-cache\core_f58a9f98544868bc1c1e23579f6b5dc6.a(SERCOM.cpp.o)
                0x00006b30                SERCOM::resetUART()
 .text._ZN6SERCOM10enableUARTEv
                0x00006b4a       0x14 C:\Users\Luke Reinke\AppData\Local\Temp\arduino-sketch-3595A69D3B6D6CA7A009D9A67A6A4F6D/..\arduino-core-cache\core_f58a9f98544868bc1c1e23579f6b5dc6.a(SERCOM.cpp.o)
                0x00006b4a                SERCOM::enableUART()
 .text._ZN6SERCOM9flushUARTEv
                0x00006b5e       0x14 C:\Users\Luke Reinke\AppData\Local\Temp\arduino-sketch-3595A69D3B6D6CA7A009D9A67A6A4F6D/..\arduino-core-cache\core_f58a9f98544868bc1c1e23579f6b5dc6.a(SERCOM.cpp.o)
                0x00006b5e                SERCOM::flushUART()
 .text._ZN6SERCOM15clearStatusUARTEv
                0x00006b72        0x8 C:\Users\Luke Reinke\AppData\Local\Temp\arduino-sketch-3595A69D3B6D6CA7A009D9A67A6A4F6D/..\arduino-core-cache\core_f58a9f98544868bc1c1e23579f6b5dc6.a(SERCOM.cpp.o)
                0x00006b72                SERCOM::clearStatusUART()
 .text._ZN6SERCOM17availableDataUARTEv
                0x00006b7a        0xa C:\Users\Luke Reinke\AppData\Local\Temp\arduino-sketch-3595A69D3B6D6CA7A009D9A67A6A4F6D/..\arduino-core-cache\core_f58a9f98544868bc1c1e23579f6b5dc6.a(SERCOM.cpp.o)
                0x00006b7a                SERCOM::availableDataUART()
 .text._ZN6SERCOM11isUARTErrorEv
                0x00006b84        0x8 C:\Users\Luke Reinke\AppData\Local\Temp\arduino-sketch-3595A69D3B6D6CA7A009D9A67A6A4F6D/..\arduino-core-cache\core_f58a9f98544868bc1c1e23579f6b5dc6.a(SERCOM.cpp.o)
                0x00006b84                SERCOM::isUARTError()
 .text._ZN6SERCOM20acknowledgeUARTErrorEv
                0x00006b8c        0xc C:\Users\Luke Reinke\AppData\Local\Temp\arduino-sketch-3595A69D3B6D6CA7A009D9A67A6A4F6D/..\arduino-core-cache\core_f58a9f98544868bc1c1e23579f6b5dc6.a(SERCOM.cpp.o)
                0x00006b8c                SERCOM::acknowledgeUARTError()
 .text._ZN6SERCOM16isFrameErrorUARTEv
                0x00006b98        0xa C:\Users\Luke Reinke\AppData\Local\Temp\arduino-sketch-3595A69D3B6D6CA7A009D9A67A6A4F6D/..\arduino-core-cache\core_f58a9f98544868bc1c1e23579f6b5dc6.a(SERCOM.cpp.o)
                0x00006b98                SERCOM::isFrameErrorUART()
 .text._ZN6SERCOM19clearFrameErrorUARTEv
                0x00006ba2        0xc C:\Users\Luke Reinke\AppData\Local\Temp\arduino-sketch-3595A69D3B6D6CA7A009D9A67A6A4F6D/..\arduino-core-cache\core_f58a9f98544868bc1c1e23579f6b5dc6.a(SERCOM.cpp.o)
                0x00006ba2                SERCOM::clearFrameErrorUART()
 .text._ZN6SERCOM23isDataRegisterEmptyUARTEv
                0x00006bae        0xa C:\Users\Luke Reinke\AppData\Local\Temp\arduino-sketch-3595A69D3B6D6CA7A009D9A67A6A4F6D/..\arduino-core-cache\core_f58a9f98544868bc1c1e23579f6b5dc6.a(SERCOM.cpp.o)
                0x00006bae                SERCOM::isDataRegisterEmptyUART()
 .text._ZN6SERCOM12readDataUARTEv
                0x00006bb8        0x8 C:\Users\Luke Reinke\AppData\Local\Temp\arduino-sketch-3595A69D3B6D6CA7A009D9A67A6A4F6D/..\arduino-core-cache\core_f58a9f98544868bc1c1e23579f6b5dc6.a(SERCOM.cpp.o)
                0x00006bb8                SERCOM::readDataUART()
 .text._ZN6SERCOM13writeDataUARTEh
                0x00006bc0        0xe C:\Users\Luke Reinke\AppData\Local\Temp\arduino-sketch-3595A69D3B6D6CA7A009D9A67A6A4F6D/..\arduino-core-cache\core_f58a9f98544868bc1c1e23579f6b5dc6.a(SERCOM.cpp.o)
                0x00006bc0                SERCOM::writeDataUART(unsigned char)
 .text._ZN6SERCOM36enableDataRegisterEmptyInterruptUARTEv
                0x00006bce        0x8 C:\Users\Luke Reinke\AppData\Local\Temp\arduino-sketch-3595A69D3B6D6CA7A009D9A67A6A4F6D/..\arduino-core-cache\core_f58a9f98544868bc1c1e23579f6b5dc6.a(SERCOM.cpp.o)
                0x00006bce                SERCOM::enableDataRegisterEmptyInterruptUART()
 .text._ZN6SERCOM37disableDataRegisterEmptyInterruptUARTEv
                0x00006bd6        0x8 C:\Users\Luke Reinke\AppData\Local\Temp\arduino-sketch-3595A69D3B6D6CA7A009D9A67A6A4F6D/..\arduino-core-cache\core_f58a9f98544868bc1c1e23579f6b5dc6.a(SERCOM.cpp.o)
                0x00006bd6                SERCOM::disableDataRegisterEmptyInterruptUART()
 .text._ZN6SERCOM8resetSPIEv
                0x00006bde       0x1a C:\Users\Luke Reinke\AppData\Local\Temp\arduino-sketch-3595A69D3B6D6CA7A009D9A67A6A4F6D/..\arduino-core-cache\core_f58a9f98544868bc1c1e23579f6b5dc6.a(SERCOM.cpp.o)
                0x00006bde                SERCOM::resetSPI()
 .text._ZN6SERCOM9enableSPIEv
                0x00006bf8       0x14 C:\Users\Luke Reinke\AppData\Local\Temp\arduino-sketch-3595A69D3B6D6CA7A009D9A67A6A4F6D/..\arduino-core-cache\core_f58a9f98544868bc1c1e23579f6b5dc6.a(SERCOM.cpp.o)
                0x00006bf8                SERCOM::enableSPI()
 .text._ZN6SERCOM10disableSPIEv
                0x00006c0c       0x16 C:\Users\Luke Reinke\AppData\Local\Temp\arduino-sketch-3595A69D3B6D6CA7A009D9A67A6A4F6D/..\arduino-core-cache\core_f58a9f98544868bc1c1e23579f6b5dc6.a(SERCOM.cpp.o)
                0x00006c0c                SERCOM::disableSPI()
 .text._ZN6SERCOM15transferDataSPIEh
                0x00006c22       0x12 C:\Users\Luke Reinke\AppData\Local\Temp\arduino-sketch-3595A69D3B6D6CA7A009D9A67A6A4F6D/..\arduino-core-cache\core_f58a9f98544868bc1c1e23579f6b5dc6.a(SERCOM.cpp.o)
                0x00006c22                SERCOM::transferDataSPI(unsigned char)
 .text._ZN6SERCOM28calculateBaudrateSynchronousEm
                0x00006c34       0x14 C:\Users\Luke Reinke\AppData\Local\Temp\arduino-sketch-3595A69D3B6D6CA7A009D9A67A6A4F6D/..\arduino-core-cache\core_f58a9f98544868bc1c1e23579f6b5dc6.a(SERCOM.cpp.o)
                0x00006c34                SERCOM::calculateBaudrateSynchronous(unsigned long)
 .text._ZN6SERCOM12initSPIClockE18SercomSpiClockModem
                0x00006c48       0x26 C:\Users\Luke Reinke\AppData\Local\Temp\arduino-sketch-3595A69D3B6D6CA7A009D9A67A6A4F6D/..\arduino-core-cache\core_f58a9f98544868bc1c1e23579f6b5dc6.a(SERCOM.cpp.o)
                0x00006c48                SERCOM::initSPIClock(SercomSpiClockMode, unsigned long)
 *fill*         0x00006c6e        0x2 
 .text._ZN6SERCOM14getSercomIndexEv
                0x00006c70       0x58 C:\Users\Luke Reinke\AppData\Local\Temp\arduino-sketch-3595A69D3B6D6CA7A009D9A67A6A4F6D/..\arduino-core-cache\core_f58a9f98544868bc1c1e23579f6b5dc6.a(SERCOM.cpp.o)
                0x00006c70                SERCOM::getSercomIndex()
 .text._ZN6SERCOM14setClockSourceEa17SercomClockSourceb
                0x00006cc8       0xb0 C:\Users\Luke Reinke\AppData\Local\Temp\arduino-sketch-3595A69D3B6D6CA7A009D9A67A6A4F6D/..\arduino-core-cache\core_f58a9f98544868bc1c1e23579f6b5dc6.a(SERCOM.cpp.o)
                0x00006cc8                SERCOM::setClockSource(signed char, SercomClockSource, bool)
 .text._ZN6SERCOM13initClockNVICEv
                0x00006d78       0x9c C:\Users\Luke Reinke\AppData\Local\Temp\arduino-sketch-3595A69D3B6D6CA7A009D9A67A6A4F6D/..\arduino-core-cache\core_f58a9f98544868bc1c1e23579f6b5dc6.a(SERCOM.cpp.o)
                0x00006d78                SERCOM::initClockNVIC()
 .text._ZN6SERCOM8initUARTE14SercomUartMode20SercomUartSampleRatem
                0x00006e14       0x5c C:\Users\Luke Reinke\AppData\Local\Temp\arduino-sketch-3595A69D3B6D6CA7A009D9A67A6A4F6D/..\arduino-core-cache\core_f58a9f98544868bc1c1e23579f6b5dc6.a(SERCOM.cpp.o)
                0x00006e14                SERCOM::initUART(SercomUartMode, SercomUartSampleRate, unsigned long)
 .text._ZN6SERCOM7initSPIE14SercomSpiTXPad11SercomRXPad17SercomSpiCharSize15SercomDataOrder
                0x00006e70       0x46 C:\Users\Luke Reinke\AppData\Local\Temp\arduino-sketch-3595A69D3B6D6CA7A009D9A67A6A4F6D/..\arduino-core-cache\core_f58a9f98544868bc1c1e23579f6b5dc6.a(SERCOM.cpp.o)
                0x00006e70                SERCOM::initSPI(SercomSpiTXPad, SercomRXPad, SercomSpiCharSize, SercomDataOrder)
 .text._ZN7Serial_17availableForWriteEv
                0x00006eb6        0x4 C:\Users\Luke Reinke\AppData\Local\Temp\arduino-sketch-3595A69D3B6D6CA7A009D9A67A6A4F6D/..\arduino-core-cache\core_f58a9f98544868bc1c1e23579f6b5dc6.a(CDC.cpp.o)
                0x00006eb6                Serial_::availableForWrite()
 .text._ZN7Serial_5writeEh
                0x00006eba       0x18 C:\Users\Luke Reinke\AppData\Local\Temp\arduino-sketch-3595A69D3B6D6CA7A009D9A67A6A4F6D/..\arduino-core-cache\core_f58a9f98544868bc1c1e23579f6b5dc6.a(CDC.cpp.o)
                0x00006eba                Serial_::write(unsigned char)
 .text._ZN7Serial_9availableEv
                0x00006ed2        0x8 C:\Users\Luke Reinke\AppData\Local\Temp\arduino-sketch-3595A69D3B6D6CA7A009D9A67A6A4F6D/..\arduino-core-cache\core_f58a9f98544868bc1c1e23579f6b5dc6.a(CDC.cpp.o)
                0x00006ed2                Serial_::available()
 .text._ZN7Serial_5flushEv
                0x00006eda        0x8 C:\Users\Luke Reinke\AppData\Local\Temp\arduino-sketch-3595A69D3B6D6CA7A009D9A67A6A4F6D/..\arduino-core-cache\core_f58a9f98544868bc1c1e23579f6b5dc6.a(CDC.cpp.o)
                0x00006eda                Serial_::flush()
 *fill*         0x00006ee2        0x2 
 .text._ZN7Serial_5writeEPKhj
                0x00006ee4       0x28 C:\Users\Luke Reinke\AppData\Local\Temp\arduino-sketch-3595A69D3B6D6CA7A009D9A67A6A4F6D/..\arduino-core-cache\core_f58a9f98544868bc1c1e23579f6b5dc6.a(CDC.cpp.o)
                0x00006ee4                Serial_::write(unsigned char const*, unsigned int)
 .text._ZN7Serial_4peekEv
                0x00006f0c       0x1c C:\Users\Luke Reinke\AppData\Local\Temp\arduino-sketch-3595A69D3B6D6CA7A009D9A67A6A4F6D/..\arduino-core-cache\core_f58a9f98544868bc1c1e23579f6b5dc6.a(CDC.cpp.o)
                0x00006f0c                Serial_::peek()
 .text._ZN7Serial_4readEv
                0x00006f28       0x20 C:\Users\Luke Reinke\AppData\Local\Temp\arduino-sketch-3595A69D3B6D6CA7A009D9A67A6A4F6D/..\arduino-core-cache\core_f58a9f98544868bc1c1e23579f6b5dc6.a(CDC.cpp.o)
                0x00006f28                Serial_::read()
 .text._Z16CDC_GetInterfacePh
                0x00006f48       0x18 C:\Users\Luke Reinke\AppData\Local\Temp\arduino-sketch-3595A69D3B6D6CA7A009D9A67A6A4F6D/..\arduino-core-cache\core_f58a9f98544868bc1c1e23579f6b5dc6.a(CDC.cpp.o)
                0x00006f48                CDC_GetInterface(unsigned char*)
 .text._Z9CDC_SetupR8USBSetup
                0x00006f60       0x74 C:\Users\Luke Reinke\AppData\Local\Temp\arduino-sketch-3595A69D3B6D6CA7A009D9A67A6A4F6D/..\arduino-core-cache\core_f58a9f98544868bc1c1e23579f6b5dc6.a(CDC.cpp.o)
                0x00006f60                CDC_Setup(USBSetup&)
 .text._ZN7Serial_5beginEm
                0x00006fd4        0x2 C:\Users\Luke Reinke\AppData\Local\Temp\arduino-sketch-3595A69D3B6D6CA7A009D9A67A6A4F6D/..\arduino-core-cache\core_f58a9f98544868bc1c1e23579f6b5dc6.a(CDC.cpp.o)
                0x00006fd4                Serial_::begin(unsigned long)
 *fill*         0x00006fd6        0x2 
 .text._ZN7Serial_cvbEv
                0x00006fd8       0x28 C:\Users\Luke Reinke\AppData\Local\Temp\arduino-sketch-3595A69D3B6D6CA7A009D9A67A6A4F6D/..\arduino-core-cache\core_f58a9f98544868bc1c1e23579f6b5dc6.a(CDC.cpp.o)
                0x00006fd8                Serial_::operator bool()
 .text.startup._GLOBAL__sub_I__Z17_CDC_GetInterfacev
                0x00007000       0x24 C:\Users\Luke Reinke\AppData\Local\Temp\arduino-sketch-3595A69D3B6D6CA7A009D9A67A6A4F6D/..\arduino-core-cache\core_f58a9f98544868bc1c1e23579f6b5dc6.a(CDC.cpp.o)
 .text._ZN26DoubleBufferedEPOutHandler4initEv
                0x00007024        0x2 C:\Users\Luke Reinke\AppData\Local\Temp\arduino-sketch-3595A69D3B6D6CA7A009D9A67A6A4F6D/..\arduino-core-cache\core_f58a9f98544868bc1c1e23579f6b5dc6.a(USBCore.cpp.o)
                0x00007024                DoubleBufferedEPOutHandler::init()
 .text._ZL5utox8mPc
                0x00007026       0x22 C:\Users\Luke Reinke\AppData\Local\Temp\arduino-sketch-3595A69D3B6D6CA7A009D9A67A6A4F6D/..\arduino-core-cache\core_f58a9f98544868bc1c1e23579f6b5dc6.a(USBCore.cpp.o)
 .text._ZN26DoubleBufferedEPOutHandlerD2Ev
                0x00007048       0x14 C:\Users\Luke Reinke\AppData\Local\Temp\arduino-sketch-3595A69D3B6D6CA7A009D9A67A6A4F6D/..\arduino-core-cache\core_f58a9f98544868bc1c1e23579f6b5dc6.a(USBCore.cpp.o)
                0x00007048                DoubleBufferedEPOutHandler::~DoubleBufferedEPOutHandler()
                0x00007048                DoubleBufferedEPOutHandler::~DoubleBufferedEPOutHandler()
 .text._ZN26DoubleBufferedEPOutHandlerD0Ev
                0x0000705c       0x12 C:\Users\Luke Reinke\AppData\Local\Temp\arduino-sketch-3595A69D3B6D6CA7A009D9A67A6A4F6D/..\arduino-core-cache\core_f58a9f98544868bc1c1e23579f6b5dc6.a(USBCore.cpp.o)
                0x0000705c                DoubleBufferedEPOutHandler::~DoubleBufferedEPOutHandler()
 *fill*         0x0000706e        0x2 
 .text._ZN14USBDeviceClass6initEPEmm.part.0
                0x00007070       0xc8 C:\Users\Luke Reinke\AppData\Local\Temp\arduino-sketch-3595A69D3B6D6CA7A009D9A67A6A4F6D/..\arduino-core-cache\core_f58a9f98544868bc1c1e23579f6b5dc6.a(USBCore.cpp.o)
 .text._ZN7__GuardC2Ev
                0x00007138        0xe C:\Users\Luke Reinke\AppData\Local\Temp\arduino-sketch-3595A69D3B6D6CA7A009D9A67A6A4F6D/..\arduino-core-cache\core_f58a9f98544868bc1c1e23579f6b5dc6.a(USBCore.cpp.o)
                0x00007138                __Guard::__Guard()
                0x00007138                __Guard::__Guard()
 .text._ZN7__GuardD2Ev
                0x00007146        0xc C:\Users\Luke Reinke\AppData\Local\Temp\arduino-sketch-3595A69D3B6D6CA7A009D9A67A6A4F6D/..\arduino-core-cache\core_f58a9f98544868bc1c1e23579f6b5dc6.a(USBCore.cpp.o)
                0x00007146                __Guard::~__Guard()
                0x00007146                __Guard::~__Guard()
 .text._ZNK26DoubleBufferedEPOutHandler9availableEv
                0x00007152       0x5a C:\Users\Luke Reinke\AppData\Local\Temp\arduino-sketch-3595A69D3B6D6CA7A009D9A67A6A4F6D/..\arduino-core-cache\core_f58a9f98544868bc1c1e23579f6b5dc6.a(USBCore.cpp.o)
                0x00007152                DoubleBufferedEPOutHandler::available() const
 .text._ZN26DoubleBufferedEPOutHandler7releaseEv
                0x000071ac       0x46 C:\Users\Luke Reinke\AppData\Local\Temp\arduino-sketch-3595A69D3B6D6CA7A009D9A67A6A4F6D/..\arduino-core-cache\core_f58a9f98544868bc1c1e23579f6b5dc6.a(USBCore.cpp.o)
                0x000071ac                DoubleBufferedEPOutHandler::release()
 .text._ZN26DoubleBufferedEPOutHandler4recvEPvm
                0x000071f2      0x110 C:\Users\Luke Reinke\AppData\Local\Temp\arduino-sketch-3595A69D3B6D6CA7A009D9A67A6A4F6D/..\arduino-core-cache\core_f58a9f98544868bc1c1e23579f6b5dc6.a(USBCore.cpp.o)
                0x000071f2                DoubleBufferedEPOutHandler::recv(void*, unsigned long)
 .text._ZN26DoubleBufferedEPOutHandler14handleEndpointEv
                0x00007302       0xb4 C:\Users\Luke Reinke\AppData\Local\Temp\arduino-sketch-3595A69D3B6D6CA7A009D9A67A6A4F6D/..\arduino-core-cache\core_f58a9f98544868bc1c1e23579f6b5dc6.a(USBCore.cpp.o)
                0x00007302                DoubleBufferedEPOutHandler::handleEndpoint()
 .text._ZN14USBDeviceClass14SendInterfacesEPm
                0x000073b6       0x32 C:\Users\Luke Reinke\AppData\Local\Temp\arduino-sketch-3595A69D3B6D6CA7A009D9A67A6A4F6D/..\arduino-core-cache\core_f58a9f98544868bc1c1e23579f6b5dc6.a(USBCore.cpp.o)
                0x000073b6                USBDeviceClass::SendInterfaces(unsigned long*)
 .text._ZN14USBDeviceClass14handleEndpointEh
                0x000073e8       0x3c C:\Users\Luke Reinke\AppData\Local\Temp\arduino-sketch-3595A69D3B6D6CA7A009D9A67A6A4F6D/..\arduino-core-cache\core_f58a9f98544868bc1c1e23579f6b5dc6.a(USBCore.cpp.o)
                0x000073e8                USBDeviceClass::handleEndpoint(unsigned char)
 .text._ZN14USBDeviceClass4initEv
                0x00007424      0x120 C:\Users\Luke Reinke\AppData\Local\Temp\arduino-sketch-3595A69D3B6D6CA7A009D9A67A6A4F6D/..\arduino-core-cache\core_f58a9f98544868bc1c1e23579f6b5dc6.a(USBCore.cpp.o)
                0x00007424                USBDeviceClass::init()
 .text._ZN14USBDeviceClass6attachEv
                0x00007544       0x30 C:\Users\Luke Reinke\AppData\Local\Temp\arduino-sketch-3595A69D3B6D6CA7A009D9A67A6A4F6D/..\arduino-core-cache\core_f58a9f98544868bc1c1e23579f6b5dc6.a(USBCore.cpp.o)
                0x00007544                USBDeviceClass::attach()
 .text._ZN14USBDeviceClass10setAddressEm
                0x00007574       0x40 C:\Users\Luke Reinke\AppData\Local\Temp\arduino-sketch-3595A69D3B6D6CA7A009D9A67A6A4F6D/..\arduino-core-cache\core_f58a9f98544868bc1c1e23579f6b5dc6.a(USBCore.cpp.o)
                0x00007574                USBDeviceClass::setAddress(unsigned long)
 .text._ZN14USBDeviceClass25handleClassInterfaceSetupER8USBSetup
                0x000075b4       0x44 C:\Users\Luke Reinke\AppData\Local\Temp\arduino-sketch-3595A69D3B6D6CA7A009D9A67A6A4F6D/..\arduino-core-cache\core_f58a9f98544868bc1c1e23579f6b5dc6.a(USBCore.cpp.o)
                0x000075b4                USBDeviceClass::handleClassInterfaceSetup(USBSetup&)
 .text._ZN14USBDeviceClass6initEPEmm
                0x000075f8       0xdc C:\Users\Luke Reinke\AppData\Local\Temp\arduino-sketch-3595A69D3B6D6CA7A009D9A67A6A4F6D/..\arduino-core-cache\core_f58a9f98544868bc1c1e23579f6b5dc6.a(USBCore.cpp.o)
                0x000075f8                USBDeviceClass::initEP(unsigned long, unsigned long)
 .text._ZN14USBDeviceClass13initEndpointsEv
                0x000076d4       0x20 C:\Users\Luke Reinke\AppData\Local\Temp\arduino-sketch-3595A69D3B6D6CA7A009D9A67A6A4F6D/..\arduino-core-cache\core_f58a9f98544868bc1c1e23579f6b5dc6.a(USBCore.cpp.o)
                0x000076d4                USBDeviceClass::initEndpoints()
 .text._ZN14USBDeviceClass9availableEm
                0x000076f4       0x28 C:\Users\Luke Reinke\AppData\Local\Temp\arduino-sketch-3595A69D3B6D6CA7A009D9A67A6A4F6D/..\arduino-core-cache\core_f58a9f98544868bc1c1e23579f6b5dc6.a(USBCore.cpp.o)
                0x000076f4                USBDeviceClass::available(unsigned long)
 .text._ZN14USBDeviceClass5flushEm
                0x0000771c       0x28 C:\Users\Luke Reinke\AppData\Local\Temp\arduino-sketch-3595A69D3B6D6CA7A009D9A67A6A4F6D/..\arduino-core-cache\core_f58a9f98544868bc1c1e23579f6b5dc6.a(USBCore.cpp.o)
                0x0000771c                USBDeviceClass::flush(unsigned long)
 .text._ZN14USBDeviceClass14armRecvCtrlOUTEm
                0x00007744       0x58 C:\Users\Luke Reinke\AppData\Local\Temp\arduino-sketch-3595A69D3B6D6CA7A009D9A67A6A4F6D/..\arduino-core-cache\core_f58a9f98544868bc1c1e23579f6b5dc6.a(USBCore.cpp.o)
                0x00007744                USBDeviceClass::armRecvCtrlOUT(unsigned long)
 .text._ZN14USBDeviceClass11recvControlEPvm
                0x0000779c       0x40 C:\Users\Luke Reinke\AppData\Local\Temp\arduino-sketch-3595A69D3B6D6CA7A009D9A67A6A4F6D/..\arduino-core-cache\core_f58a9f98544868bc1c1e23579f6b5dc6.a(USBCore.cpp.o)
                0x0000779c                USBDeviceClass::recvControl(void*, unsigned long)
 .text._ZN14USBDeviceClass7armRecvEm
                0x000077dc       0x38 C:\Users\Luke Reinke\AppData\Local\Temp\arduino-sketch-3595A69D3B6D6CA7A009D9A67A6A4F6D/..\arduino-core-cache\core_f58a9f98544868bc1c1e23579f6b5dc6.a(USBCore.cpp.o)
                0x000077dc                USBDeviceClass::armRecv(unsigned long)
 .text._ZN14USBDeviceClass4recvEmPvm
                0x00007814       0xd8 C:\Users\Luke Reinke\AppData\Local\Temp\arduino-sketch-3595A69D3B6D6CA7A009D9A67A6A4F6D/..\arduino-core-cache\core_f58a9f98544868bc1c1e23579f6b5dc6.a(USBCore.cpp.o)
                0x00007814                USBDeviceClass::recv(unsigned long, void*, unsigned long)
 .text._ZN14USBDeviceClass4recvEm
                0x000078ec       0x1e C:\Users\Luke Reinke\AppData\Local\Temp\arduino-sketch-3595A69D3B6D6CA7A009D9A67A6A4F6D/..\arduino-core-cache\core_f58a9f98544868bc1c1e23579f6b5dc6.a(USBCore.cpp.o)
                0x000078ec                USBDeviceClass::recv(unsigned long)
 *fill*         0x0000790a        0x2 
 .text._ZN14USBDeviceClass4sendEmPKvm
                0x0000790c      0x104 C:\Users\Luke Reinke\AppData\Local\Temp\arduino-sketch-3595A69D3B6D6CA7A009D9A67A6A4F6D/..\arduino-core-cache\core_f58a9f98544868bc1c1e23579f6b5dc6.a(USBCore.cpp.o)
                0x0000790c                USBDeviceClass::send(unsigned long, void const*, unsigned long)
 .text._ZN14USBDeviceClass7armSendEmPKvm
                0x00007a10       0x40 C:\Users\Luke Reinke\AppData\Local\Temp\arduino-sketch-3595A69D3B6D6CA7A009D9A67A6A4F6D/..\arduino-core-cache\core_f58a9f98544868bc1c1e23579f6b5dc6.a(USBCore.cpp.o)
                0x00007a10                USBDeviceClass::armSend(unsigned long, void const*, unsigned long)
 .text._ZN14USBDeviceClass11sendControlEPKvm
                0x00007a50       0x58 C:\Users\Luke Reinke\AppData\Local\Temp\arduino-sketch-3595A69D3B6D6CA7A009D9A67A6A4F6D/..\arduino-core-cache\core_f58a9f98544868bc1c1e23579f6b5dc6.a(USBCore.cpp.o)
                0x00007a50                USBDeviceClass::sendControl(void const*, unsigned long)
 .text._ZN14USBDeviceClass20sendStringDescriptorEPKhh
                0x00007aa8       0x70 C:\Users\Luke Reinke\AppData\Local\Temp\arduino-sketch-3595A69D3B6D6CA7A009D9A67A6A4F6D/..\arduino-core-cache\core_f58a9f98544868bc1c1e23579f6b5dc6.a(USBCore.cpp.o)
                0x00007aa8                USBDeviceClass::sendStringDescriptor(unsigned char const*, unsigned char)
 .text._ZN14USBDeviceClass17sendConfigurationEm
                0x00007b18       0x98 C:\Users\Luke Reinke\AppData\Local\Temp\arduino-sketch-3595A69D3B6D6CA7A009D9A67A6A4F6D/..\arduino-core-cache\core_f58a9f98544868bc1c1e23579f6b5dc6.a(USBCore.cpp.o)
                0x00007b18                USBDeviceClass::sendConfiguration(unsigned long)
 .text._ZN14USBDeviceClass14sendDescriptorER8USBSetup
                0x00007bb0       0xe8 C:\Users\Luke Reinke\AppData\Local\Temp\arduino-sketch-3595A69D3B6D6CA7A009D9A67A6A4F6D/..\arduino-core-cache\core_f58a9f98544868bc1c1e23579f6b5dc6.a(USBCore.cpp.o)
                0x00007bb0                USBDeviceClass::sendDescriptor(USBSetup&)
 .text._ZN14USBDeviceClass19handleStandardSetupER8USBSetup
                0x00007c98      0x114 C:\Users\Luke Reinke\AppData\Local\Temp\arduino-sketch-3595A69D3B6D6CA7A009D9A67A6A4F6D/..\arduino-core-cache\core_f58a9f98544868bc1c1e23579f6b5dc6.a(USBCore.cpp.o)
                0x00007c98                USBDeviceClass::handleStandardSetup(USBSetup&)
 .text._ZN14USBDeviceClass10ISRHandlerEv
                0x00007dac      0x158 C:\Users\Luke Reinke\AppData\Local\Temp\arduino-sketch-3595A69D3B6D6CA7A009D9A67A6A4F6D/..\arduino-core-cache\core_f58a9f98544868bc1c1e23579f6b5dc6.a(USBCore.cpp.o)
                0x00007dac                USBDeviceClass::ISRHandler()
 .text.UDD_Handler
                0x00007f04        0xc C:\Users\Luke Reinke\AppData\Local\Temp\arduino-sketch-3595A69D3B6D6CA7A009D9A67A6A4F6D/..\arduino-core-cache\core_f58a9f98544868bc1c1e23579f6b5dc6.a(USBCore.cpp.o)
                0x00007f04                UDD_Handler
 .text.startup._GLOBAL__sub_I_usbd
                0x00007f10       0x10 C:\Users\Luke Reinke\AppData\Local\Temp\arduino-sketch-3595A69D3B6D6CA7A009D9A67A6A4F6D/..\arduino-core-cache\core_f58a9f98544868bc1c1e23579f6b5dc6.a(USBCore.cpp.o)
 .text._ZN4UartcvbEv
                0x00007f20        0x4 C:\Users\Luke Reinke\AppData\Local\Temp\arduino-sketch-3595A69D3B6D6CA7A009D9A67A6A4F6D/..\arduino-core-cache\core_f58a9f98544868bc1c1e23579f6b5dc6.a(Uart.cpp.o)
                0x00007f20                Uart::operator bool()
 .text._ZN4Uart5beginEm
                0x00007f24        0xa C:\Users\Luke Reinke\AppData\Local\Temp\arduino-sketch-3595A69D3B6D6CA7A009D9A67A6A4F6D/..\arduino-core-cache\core_f58a9f98544868bc1c1e23579f6b5dc6.a(Uart.cpp.o)
                0x00007f24                Uart::begin(unsigned long)
 .text._ZN4Uart4peekEv
                0x00007f2e       0x1a C:\Users\Luke Reinke\AppData\Local\Temp\arduino-sketch-3595A69D3B6D6CA7A009D9A67A6A4F6D/..\arduino-core-cache\core_f58a9f98544868bc1c1e23579f6b5dc6.a(Uart.cpp.o)
                0x00007f2e                Uart::peek()
 .text._ZN4Uart3endEv
                0x00007f48       0x1e C:\Users\Luke Reinke\AppData\Local\Temp\arduino-sketch-3595A69D3B6D6CA7A009D9A67A6A4F6D/..\arduino-core-cache\core_f58a9f98544868bc1c1e23579f6b5dc6.a(Uart.cpp.o)
                0x00007f48                Uart::end()
 .text._ZN4Uart15extractCharSizeEt
                0x00007f66       0x24 C:\Users\Luke Reinke\AppData\Local\Temp\arduino-sketch-3595A69D3B6D6CA7A009D9A67A6A4F6D/..\arduino-core-cache\core_f58a9f98544868bc1c1e23579f6b5dc6.a(Uart.cpp.o)
                0x00007f66                Uart::extractCharSize(unsigned short)
 .text._ZN4Uart13extractParityEt
                0x00007f8a       0x16 C:\Users\Luke Reinke\AppData\Local\Temp\arduino-sketch-3595A69D3B6D6CA7A009D9A67A6A4F6D/..\arduino-core-cache\core_f58a9f98544868bc1c1e23579f6b5dc6.a(Uart.cpp.o)
                0x00007f8a                Uart::extractParity(unsigned short)
 .text._ZN4Uart5beginEmt
                0x00007fa0       0xe0 C:\Users\Luke Reinke\AppData\Local\Temp\arduino-sketch-3595A69D3B6D6CA7A009D9A67A6A4F6D/..\arduino-core-cache\core_f58a9f98544868bc1c1e23579f6b5dc6.a(Uart.cpp.o)
                0x00007fa0                Uart::begin(unsigned long, unsigned short)
 .text._ZN11RingBufferNILi350EEC2Ev
                0x00008080       0x1c C:\Users\Luke Reinke\AppData\Local\Temp\arduino-sketch-3595A69D3B6D6CA7A009D9A67A6A4F6D/..\arduino-core-cache\core_f58a9f98544868bc1c1e23579f6b5dc6.a(Uart.cpp.o)
                0x00008080                RingBufferN<350>::RingBufferN()
                0x00008080                RingBufferN<350>::RingBufferN()
 .text._ZN4UartC2EP6SERCOMhh11SercomRXPad15SercomUartTXPad
                0x0000809c       0x54 C:\Users\Luke Reinke\AppData\Local\Temp\arduino-sketch-3595A69D3B6D6CA7A009D9A67A6A4F6D/..\arduino-core-cache\core_f58a9f98544868bc1c1e23579f6b5dc6.a(Uart.cpp.o)
                0x0000809c                Uart::Uart(SERCOM*, unsigned char, unsigned char, SercomRXPad, SercomUartTXPad)
                0x0000809c                Uart::Uart(SERCOM*, unsigned char, unsigned char, SercomRXPad, SercomUartTXPad)
 .text._ZN11RingBufferNILi350EE9availableEv
                0x000080f0       0x12 C:\Users\Luke Reinke\AppData\Local\Temp\arduino-sketch-3595A69D3B6D6CA7A009D9A67A6A4F6D/..\arduino-core-cache\core_f58a9f98544868bc1c1e23579f6b5dc6.a(Uart.cpp.o)
                0x000080f0                RingBufferN<350>::available()
 .text._ZN4Uart5flushEv
                0x00008102       0x1c C:\Users\Luke Reinke\AppData\Local\Temp\arduino-sketch-3595A69D3B6D6CA7A009D9A67A6A4F6D/..\arduino-core-cache\core_f58a9f98544868bc1c1e23579f6b5dc6.a(Uart.cpp.o)
                0x00008102                Uart::flush()
 .text._ZN4Uart9availableEv
                0x0000811e        0xa C:\Users\Luke Reinke\AppData\Local\Temp\arduino-sketch-3595A69D3B6D6CA7A009D9A67A6A4F6D/..\arduino-core-cache\core_f58a9f98544868bc1c1e23579f6b5dc6.a(Uart.cpp.o)
                0x0000811e                Uart::available()
 .text._ZN11RingBufferNILi350EE17availableForStoreEv
                0x00008128       0x2c C:\Users\Luke Reinke\AppData\Local\Temp\arduino-sketch-3595A69D3B6D6CA7A009D9A67A6A4F6D/..\arduino-core-cache\core_f58a9f98544868bc1c1e23579f6b5dc6.a(Uart.cpp.o)
                0x00008128                RingBufferN<350>::availableForStore()
 .text._ZN4Uart17availableForWriteEv
                0x00008154        0xc C:\Users\Luke Reinke\AppData\Local\Temp\arduino-sketch-3595A69D3B6D6CA7A009D9A67A6A4F6D/..\arduino-core-cache\core_f58a9f98544868bc1c1e23579f6b5dc6.a(Uart.cpp.o)
                0x00008154                Uart::availableForWrite()
 .text._ZN4Uart10IrqHandlerEv
                0x00008160       0xd8 C:\Users\Luke Reinke\AppData\Local\Temp\arduino-sketch-3595A69D3B6D6CA7A009D9A67A6A4F6D/..\arduino-core-cache\core_f58a9f98544868bc1c1e23579f6b5dc6.a(Uart.cpp.o)
                0x00008160                Uart::IrqHandler()
 .text._ZN4Uart5writeEh
                0x00008238       0xc0 C:\Users\Luke Reinke\AppData\Local\Temp\arduino-sketch-3595A69D3B6D6CA7A009D9A67A6A4F6D/..\arduino-core-cache\core_f58a9f98544868bc1c1e23579f6b5dc6.a(Uart.cpp.o)
                0x00008238                Uart::write(unsigned char)
 .text._ZN4Uart4readEv
                0x000082f8       0x52 C:\Users\Luke Reinke\AppData\Local\Temp\arduino-sketch-3595A69D3B6D6CA7A009D9A67A6A4F6D/..\arduino-core-cache\core_f58a9f98544868bc1c1e23579f6b5dc6.a(Uart.cpp.o)
                0x000082f8                Uart::read()
 .text.Dummy_Handler
                0x0000834a        0x2 C:\Users\Luke Reinke\AppData\Local\Temp\arduino-sketch-3595A69D3B6D6CA7A009D9A67A6A4F6D/..\arduino-core-cache\core_f58a9f98544868bc1c1e23579f6b5dc6.a(cortex_handlers.c.o)
                0x0000834a                EIC_5_Handler
                0x0000834a                SERCOM0_2_Handler
                0x0000834a                DebugMon_Handler
                0x0000834a                EIC_13_Handler
                0x0000834a                EVSYS_0_Handler
                0x0000834a                TCC1_3_Handler
                0x0000834a                DAC_3_Handler
                0x0000834a                TRNG_Handler
                0x0000834a                HardFault_Handler
                0x0000834a                PDEC_2_Handler
                0x0000834a                EIC_4_Handler
                0x0000834a                AC_Handler
                0x0000834a                SERCOM3_1_Handler
                0x0000834a                TCC2_3_Handler
                0x0000834a                SERCOM3_2_Handler
                0x0000834a                PendSV_Handler
                0x0000834a                NMI_Handler
                0x0000834a                TC7_Handler
                0x0000834a                ADC1_1_Handler
                0x0000834a                EVSYS_3_Handler
                0x0000834a                PDEC_0_Handler
                0x0000834a                QSPI_Handler
                0x0000834a                TCC0_0_Handler
                0x0000834a                EIC_3_Handler
                0x0000834a                TAL_0_Handler
                0x0000834a                DAC_2_Handler
                0x0000834a                SERCOM0_0_Handler
                0x0000834a                RTC_Handler
                0x0000834a                UsageFault_Handler
                0x0000834a                SERCOM4_0_Handler
                0x0000834a                EIC_10_Handler
                0x0000834a                SERCOM0_3_Handler
                0x0000834a                EIC_11_Handler
                0x0000834a                EIC_9_Handler
                0x0000834a                OSC32KCTRL_Handler
                0x0000834a                TCC2_1_Handler
                0x0000834a                SUPC_1_Handler
                0x0000834a                TCC0_5_Handler
                0x0000834a                TCC0_6_Handler
                0x0000834a                SERCOM6_2_Handler
                0x0000834a                EVSYS_1_Handler
                0x0000834a                TCC1_4_Handler
                0x0000834a                TC6_Handler
                0x0000834a                WDT_Handler
                0x0000834a                CAN0_Handler
                0x0000834a                EIC_8_Handler
                0x0000834a                EIC_15_Handler
                0x0000834a                SERCOM6_0_Handler
                0x0000834a                TC4_Handler
                0x0000834a                TC1_Handler
                0x0000834a                OSCCTRL_4_Handler
                0x0000834a                SERCOM4_3_Handler
                0x0000834a                EIC_12_Handler
                0x0000834a                TCC4_2_Handler
                0x0000834a                PAC_Handler
                0x0000834a                TCC1_0_Handler
                0x0000834a                OSCCTRL_0_Handler
                0x0000834a                EIC_0_Handler
                0x0000834a                OSCCTRL_3_Handler
                0x0000834a                SERCOM4_1_Handler
                0x0000834a                TC3_Handler
                0x0000834a                Dummy_Handler
                0x0000834a                TCC3_0_Handler
                0x0000834a                TCC2_2_Handler
                0x0000834a                TCC1_1_Handler
                0x0000834a                ADC0_0_Handler
                0x0000834a                SERCOM0_1_Handler
                0x0000834a                OSCCTRL_2_Handler
                0x0000834a                ADC1_0_Handler
                0x0000834a                TCC1_2_Handler
                0x0000834a                SERCOM7_1_Handler
                0x0000834a                PM_Handler
                0x0000834a                SERCOM6_3_Handler
                0x0000834a                SERCOM2_3_Handler
                0x0000834a                DAC_4_Handler
                0x0000834a                TCC3_2_Handler
                0x0000834a                SERCOM7_0_Handler
                0x0000834a                TCC0_2_Handler
                0x0000834a                TCC4_0_Handler
                0x0000834a                SERCOM7_3_Handler
                0x0000834a                GMAC_Handler
                0x0000834a                SDHC1_Handler
                0x0000834a                SERCOM7_2_Handler
                0x0000834a                CAN1_Handler
                0x0000834a                TCC2_0_Handler
                0x0000834a                PDEC_1_Handler
                0x0000834a                MemManage_Handler
                0x0000834a                TCC4_1_Handler
                0x0000834a                SVC_Handler
                0x0000834a                SERCOM6_1_Handler
                0x0000834a                SDHC0_Handler
                0x0000834a                SERCOM1_1_Handler
                0x0000834a                I2S_Handler
                0x0000834a                EIC_2_Handler
                0x0000834a                PCC_Handler
                0x0000834a                DAC_0_Handler
                0x0000834a                TCC0_1_Handler
                0x0000834a                SERCOM1_3_Handler
                0x0000834a                EIC_6_Handler
                0x0000834a                OSCCTRL_1_Handler
                0x0000834a                SERCOM1_0_Handler
                0x0000834a                PUKCC_Handler
                0x0000834a                SERCOM2_1_Handler
                0x0000834a                SERCOM1_2_Handler
                0x0000834a                SERCOM3_0_Handler
                0x0000834a                EIC_1_Handler
                0x0000834a                SERCOM4_2_Handler
                0x0000834a                EVSYS_4_Handler
                0x0000834a                EIC_7_Handler
                0x0000834a                NVMCTRL_1_Handler
                0x0000834a                SERCOM3_3_Handler
                0x0000834a                ADC0_1_Handler
                0x0000834a                SERCOM2_2_Handler
                0x0000834a                TCC3_1_Handler
                0x0000834a                EIC_14_Handler
                0x0000834a                DAC_1_Handler
                0x0000834a                NVMCTRL_0_Handler
                0x0000834a                TAL_1_Handler
                0x0000834a                MCLK_Handler
                0x0000834a                EVSYS_2_Handler
                0x0000834a                SUPC_0_Handler
                0x0000834a                BusFault_Handler
                0x0000834a                FREQM_Handler
                0x0000834a                TC0_Handler
                0x0000834a                TCC0_3_Handler
                0x0000834a                TCC0_4_Handler
                0x0000834a                RAMECC_Handler
                0x0000834a                TC5_Handler
                0x0000834a                SERCOM2_0_Handler
                0x0000834a                AES_Handler
                0x0000834a                ICM_Handler
 .text.USB_0_Handler
                0x0000834c       0x10 C:\Users\Luke Reinke\AppData\Local\Temp\arduino-sketch-3595A69D3B6D6CA7A009D9A67A6A4F6D/..\arduino-core-cache\core_f58a9f98544868bc1c1e23579f6b5dc6.a(cortex_handlers.c.o)
                0x0000834c                USB_0_Handler
 .text.Reset_Handler
                0x0000835c       0x80 C:\Users\Luke Reinke\AppData\Local\Temp\arduino-sketch-3595A69D3B6D6CA7A009D9A67A6A4F6D/..\arduino-core-cache\core_f58a9f98544868bc1c1e23579f6b5dc6.a(cortex_handlers.c.o)
                0x0000835c                Reset_Handler
 .text.SysTick_Handler
                0x000083dc       0x12 C:\Users\Luke Reinke\AppData\Local\Temp\arduino-sketch-3595A69D3B6D6CA7A009D9A67A6A4F6D/..\arduino-core-cache\core_f58a9f98544868bc1c1e23579f6b5dc6.a(cortex_handlers.c.o)
                0x000083dc                SysTick_Handler
 .text.USB_1_Handler
                0x000083ee        0x4 C:\Users\Luke Reinke\AppData\Local\Temp\arduino-sketch-3595A69D3B6D6CA7A009D9A67A6A4F6D/..\arduino-core-cache\core_f58a9f98544868bc1c1e23579f6b5dc6.a(cortex_handlers.c.o)
                0x000083ee                USB_1_Handler
 .text.USB_2_Handler
                0x000083f2        0x4 C:\Users\Luke Reinke\AppData\Local\Temp\arduino-sketch-3595A69D3B6D6CA7A009D9A67A6A4F6D/..\arduino-core-cache\core_f58a9f98544868bc1c1e23579f6b5dc6.a(cortex_handlers.c.o)
                0x000083f2                USB_2_Handler
 .text.USB_3_Handler
                0x000083f6        0x4 C:\Users\Luke Reinke\AppData\Local\Temp\arduino-sketch-3595A69D3B6D6CA7A009D9A67A6A4F6D/..\arduino-core-cache\core_f58a9f98544868bc1c1e23579f6b5dc6.a(cortex_handlers.c.o)
                0x000083f6                USB_3_Handler
 *fill*         0x000083fa        0x2 
 .text.USB_SetHandler
                0x000083fc        0xc C:\Users\Luke Reinke\AppData\Local\Temp\arduino-sketch-3595A69D3B6D6CA7A009D9A67A6A4F6D/..\arduino-core-cache\core_f58a9f98544868bc1c1e23579f6b5dc6.a(cortex_handlers.c.o)
                0x000083fc                USB_SetHandler
 .text.millis   0x00008408        0xc C:\Users\Luke Reinke\AppData\Local\Temp\arduino-sketch-3595A69D3B6D6CA7A009D9A67A6A4F6D/..\arduino-core-cache\core_f58a9f98544868bc1c1e23579f6b5dc6.a(delay.c.o)
                0x00008408                millis
 .text.micros   0x00008414       0x58 C:\Users\Luke Reinke\AppData\Local\Temp\arduino-sketch-3595A69D3B6D6CA7A009D9A67A6A4F6D/..\arduino-core-cache\core_f58a9f98544868bc1c1e23579f6b5dc6.a(delay.c.o)
                0x00008414                micros
 .text.delayMicroseconds
                0x0000846c       0x1c C:\Users\Luke Reinke\AppData\Local\Temp\arduino-sketch-3595A69D3B6D6CA7A009D9A67A6A4F6D/..\arduino-core-cache\core_f58a9f98544868bc1c1e23579f6b5dc6.a(delay.c.o)
                0x0000846c                delayMicroseconds
 .text.delay    0x00008488       0x26 C:\Users\Luke Reinke\AppData\Local\Temp\arduino-sketch-3595A69D3B6D6CA7A009D9A67A6A4F6D/..\arduino-core-cache\core_f58a9f98544868bc1c1e23579f6b5dc6.a(delay.c.o)
                0x00008488                delay
 *fill*         0x000084ae        0x2 
 .text.SysTick_DefaultHandler
                0x000084b0       0x10 C:\Users\Luke Reinke\AppData\Local\Temp\arduino-sketch-3595A69D3B6D6CA7A009D9A67A6A4F6D/..\arduino-core-cache\core_f58a9f98544868bc1c1e23579f6b5dc6.a(delay.c.o)
                0x000084b0                SysTick_DefaultHandler
 .text.__empty  0x000084c0        0x2 C:\Users\Luke Reinke\AppData\Local\Temp\arduino-sketch-3595A69D3B6D6CA7A009D9A67A6A4F6D/..\arduino-core-cache\core_f58a9f98544868bc1c1e23579f6b5dc6.a(hooks.c.o)
                0x000084c0                yield
 .text.__false  0x000084c2        0x4 C:\Users\Luke Reinke\AppData\Local\Temp\arduino-sketch-3595A69D3B6D6CA7A009D9A67A6A4F6D/..\arduino-core-cache\core_f58a9f98544868bc1c1e23579f6b5dc6.a(hooks.c.o)
                0x000084c2                sysTickHook
 .text._Z11initVariantv
                0x000084c6        0x2 C:\Users\Luke Reinke\AppData\Local\Temp\arduino-sketch-3595A69D3B6D6CA7A009D9A67A6A4F6D/..\arduino-core-cache\core_f58a9f98544868bc1c1e23579f6b5dc6.a(main.cpp.o)
                0x000084c6                initVariant()
 .text.startup.main
                0x000084c8       0x40 C:\Users\Luke Reinke\AppData\Local\Temp\arduino-sketch-3595A69D3B6D6CA7A009D9A67A6A4F6D/..\arduino-core-cache\core_f58a9f98544868bc1c1e23579f6b5dc6.a(main.cpp.o)
                0x000084c8                main
 .text._Znwj    0x00008508        0x4 C:\Users\Luke Reinke\AppData\Local\Temp\arduino-sketch-3595A69D3B6D6CA7A009D9A67A6A4F6D/..\arduino-core-cache\core_f58a9f98544868bc1c1e23579f6b5dc6.a(new.cpp.o)
                0x00008508                operator new(unsigned int)
 .text._ZdlPv   0x0000850c        0x4 C:\Users\Luke Reinke\AppData\Local\Temp\arduino-sketch-3595A69D3B6D6CA7A009D9A67A6A4F6D/..\arduino-core-cache\core_f58a9f98544868bc1c1e23579f6b5dc6.a(new.cpp.o)
                0x0000850c                operator delete(void*)
 .text.SystemInit
                0x00008510      0x1f8 C:\Users\Luke Reinke\AppData\Local\Temp\arduino-sketch-3595A69D3B6D6CA7A009D9A67A6A4F6D/..\arduino-core-cache\core_f58a9f98544868bc1c1e23579f6b5dc6.a(startup.c.o)
                0x00008510                SystemInit